Archive member included to satisfy reference by file (symbol)

app/libapp.a(main.cpp.obj)    (--whole-archive)
app/libapp.a(AlarmManager.cpp.obj)
                              (--whole-archive)
app/libapp.a(VolumeTracker.cpp.obj)
                              (--whole-archive)
app/libapp.a(PumpStateMachine.cpp.obj)
                              (--whole-archive)
app/libapp.a(CommandParser.cpp.obj)
                              (--whole-archive)
zephyr/libzephyr.a(cpp_dtors.c.obj)
                              (--whole-archive)
zephyr/libzephyr.a(heap.c.obj)
                              (--whole-archive)
zephyr/libzephyr.a(cbprintf_packaged.c.obj)
                              (--whole-archive)
zephyr/libzephyr.a(printk.c.obj)
                              (--whole-archive)
zephyr/libzephyr.a(sem.c.obj)
                              (--whole-archive)
zephyr/libzephyr.a(thread_entry.c.obj)
                              (--whole-archive)
zephyr/libzephyr.a(cbprintf_complete.c.obj)
                              (--whole-archive)
zephyr/libzephyr.a(assert.c.obj)
                              (--whole-archive)
zephyr/libzephyr.a(reboot.c.obj)
                              (--whole-archive)
zephyr/libzephyr.a(dec.c.obj)
                              (--whole-archive)
zephyr/libzephyr.a(hex.c.obj)
                              (--whole-archive)
zephyr/libzephyr.a(rb.c.obj)  (--whole-archive)
zephyr/libzephyr.a(timeutil.c.obj)
                              (--whole-archive)
zephyr/libzephyr.a(bitarray.c.obj)
                              (--whole-archive)
zephyr/libzephyr.a(configs.c.obj)
                              (--whole-archive)
zephyr/libzephyr.a(stm32cube_hal.c.obj)
                              (--whole-archive)
zephyr/libzephyr.a(soc_config.c.obj)
                              (--whole-archive)
zephyr/libzephyr.a(soc.c.obj)
                              (--whole-archive)
zephyr/libzephyr.a(mem_attr.c.obj)
                              (--whole-archive)
zephyr/libzephyr.a(tracing_none.c.obj)
                              (--whole-archive)
zephyr/arch/common/libarch__common.a(sw_isr_common.c.obj)
                              (--whole-archive)
zephyr/arch/arch/arm/core/libarch__arm__core.a(fatal.c.obj)
                              (--whole-archive)
zephyr/arch/arch/arm/core/libarch__arm__core.a(nmi.c.obj)
                              (--whole-archive)
zephyr/arch/arch/arm/core/libarch__arm__core.a(nmi_on_reset.S.obj)
                              (--whole-archive)
zephyr/arch/arch/arm/core/libarch__arm__core.a(__aeabi_atexit.c.obj)
                              (--whole-archive)
zephyr/arch/arch/arm/core/libarch__arm__core.a(tls.c.obj)
                              (--whole-archive)
zephyr/arch/arch/arm/core/cortex_m/libarch__arm__core__cortex_m.a(exc_exit.c.obj)
                              (--whole-archive)
zephyr/arch/arch/arm/core/cortex_m/libarch__arm__core__cortex_m.a(fault.c.obj)
                              (--whole-archive)
zephyr/arch/arch/arm/core/cortex_m/libarch__arm__core__cortex_m.a(fault_s.S.obj)
                              (--whole-archive)
zephyr/arch/arch/arm/core/cortex_m/libarch__arm__core__cortex_m.a(fpu.c.obj)
                              (--whole-archive)
zephyr/arch/arch/arm/core/cortex_m/libarch__arm__core__cortex_m.a(reset.S.obj)
                              (--whole-archive)
zephyr/arch/arch/arm/core/cortex_m/libarch__arm__core__cortex_m.a(scb.c.obj)
                              (--whole-archive)
zephyr/arch/arch/arm/core/cortex_m/libarch__arm__core__cortex_m.a(thread_abort.c.obj)
                              (--whole-archive)
zephyr/arch/arch/arm/core/cortex_m/libarch__arm__core__cortex_m.a(vector_table.S.obj)
                              (--whole-archive)
zephyr/arch/arch/arm/core/cortex_m/libarch__arm__core__cortex_m.a(swap.c.obj)
                              (--whole-archive)
zephyr/arch/arch/arm/core/cortex_m/libarch__arm__core__cortex_m.a(swap_helper.S.obj)
                              (--whole-archive)
zephyr/arch/arch/arm/core/cortex_m/libarch__arm__core__cortex_m.a(irq_manage.c.obj)
                              (--whole-archive)
zephyr/arch/arch/arm/core/cortex_m/libarch__arm__core__cortex_m.a(prep_c.c.obj)
                              (--whole-archive)
zephyr/arch/arch/arm/core/cortex_m/libarch__arm__core__cortex_m.a(thread.c.obj)
                              (--whole-archive)
zephyr/arch/arch/arm/core/cortex_m/libarch__arm__core__cortex_m.a(cpu_idle.c.obj)
                              (--whole-archive)
zephyr/arch/arch/arm/core/cortex_m/libarch__arm__core__cortex_m.a(irq_init.c.obj)
                              (--whole-archive)
zephyr/arch/arch/arm/core/cortex_m/libarch__arm__core__cortex_m.a(isr_wrapper.c.obj)
                              (--whole-archive)
zephyr/arch/arch/arm/core/cortex_m/libarch__arm__core__cortex_m.a(__aeabi_read_tp.S.obj)
                              (--whole-archive)
[...]
Memory Configuration

Name             Origin             Length             Attributes
FLASH            0x0000000008000000 0x0000000000080000 xr
RAM              0x0000000020000000 0x0000000000020000 xw
IDT_LIST         0x00000000ffff7fff 0x0000000000008000 xw
*default*        0x0000000000000000 0xffffffffffffffff

Linker script and memory map

                0x0000000008003bec                vfprintf = __l_vfprintf
                0x0000000000000000                vfscanf = __l_vfscanf
LOAD zephyr/CMakeFiles/zephyr_pre0.dir/misc/empty_file.c.obj
LOAD zephyr/CMakeFiles/offsets.dir/./arch/arm/core/offsets/offsets.c.obj
LOAD app/libapp.a
LOAD zephyr/libzephyr.a
LOAD zephyr/arch/common/libarch__common.a
LOAD zephyr/arch/arch/arm/core/libarch__arm__core.a
LOAD zephyr/arch/arch/arm/core/cortex_m/libarch__arm__core__cortex_m.a
LOAD zephyr/arch/arch/arm/core/mpu/libarch__arm__core__mpu.a
LOAD zephyr/lib/libc/picolibc/liblib__libc__picolibc.a
LOAD zephyr/lib/libc/common/liblib__libc__common.a
LOAD zephyr/drivers/interrupt_controller/libdrivers__interrupt_controller.a
LOAD zephyr/drivers/clock_control/libdrivers__clock_control.a
LOAD zephyr/drivers/console/libdrivers__console.a
LOAD zephyr/drivers/gpio/libdrivers__gpio.a
LOAD zephyr/drivers/pinctrl/libdrivers__pinctrl.a
LOAD zephyr/drivers/pwm/libdrivers__pwm.a
LOAD zephyr/drivers/reset/libdrivers__reset.a
LOAD zephyr/drivers/serial/libdrivers__serial.a
LOAD zephyr/drivers/timer/libdrivers__timer.a
LOAD modules/hal_stm32/stm32cube/lib..__modules__hal__stm32__stm32cube.a
LOAD zephyr/kernel/libkernel.a
LOAD zephyr/arch/common/libisr_tables.a
LOAD /home/krishna-inc-5836/zephyr-sdk-0.17.0/arm-zephyr-eabi/bin/../lib/gcc/../../picolibc/arm-zephyr-eabi/lib/thumb/v7e-m/nofp/libstdc++.a
LOAD /home/krishna-inc-5836/zephyr-sdk-0.17.0/arm-zephyr-eabi/bin/../lib/gcc/../../picolibc/arm-zephyr-eabi/lib/thumb/v7e-m/nofp/libc.a
LOAD /home/krishna-inc-5836/zephyr-sdk-0.17.0/arm-zephyr-eabi/bin/../lib/gcc/arm-zephyr-eabi/12.2.0/thumb/v7e-m/nofp/libgcc.a
                0x0000000000000020                _region_min_align = 0x20

.rel.plt        0x0000000008000000        0x0
 *(SORT_BY_ALIGNMENT(.rel.plt))
                [!provide]                        PROVIDE (__rel_iplt_start = .)
 *(SORT_BY_ALIGNMENT(.rel.iplt))
 .rel.iplt      0x0000000008000000        0x0 app/libapp.a(main.cpp.obj)
                [!provide]                        PROVIDE (__rel_iplt_end = .)

.rela.plt       0x0000000000000000        0x0
 *(SORT_BY_ALIGNMENT(.rela.plt))
                [!provide]                        PROVIDE (__rela_iplt_start = .)
 *(SORT_BY_ALIGNMENT(.rela.iplt))
                [!provide]                        PROVIDE (__rela_iplt_end = .)

.rel.dyn
 *(SORT_BY_ALIGNMENT(.rel.*))

.rela.dyn
 *(SORT_BY_ALIGNMENT(.rela.*))

/DISCARD/
 *(SORT_BY_ALIGNMENT(.plt))

/DISCARD/
 *(SORT_BY_ALIGNMENT(.iplt))
                0x0000000008000000                __rom_region_start = 0x8000000

rom_start       0x0000000008000000      0x1d8
                0x0000000008000000                __rom_start_address = .
 FILL mask 0x00
                0x0000000008000000                . = (. + (0x0 - (. - __rom_start_address)))
                0x0000000008000000                . = ALIGN (0x4)
                0x0000000008000000                . = ALIGN (0x80)
                0x0000000008000000                . = ALIGN (0x200)
                0x0000000008000000                _vector_start = .
 *(SORT_BY_ALIGNMENT(.exc_vector_table))
 *(SORT_BY_ALIGNMENT(.exc_vector_table.*))
 .exc_vector_table._vector_table_section
                0x0000000008000000       0x40 zephyr/arch/arch/arm/core/cortex_m/libarch__arm__core__cortex_m.a(vector_table.S.obj)
                0x0000000008000000                _vector_table
 *(SORT_BY_ALIGNMENT(.vectors))
                0x00000000080001d8                _vector_end = .
                0x0000000008000040                . = ALIGN (0x4)
 *(SORT_BY_ALIGNMENT(.gnu.linkonce.irq_vector_table*))
 .gnu.linkonce.irq_vector_table
                0x0000000008000040      0x198 zephyr/arch/common/libisr_tables.a(isr_tables.c.obj)
                0x0000000008000040                _irq_vector_table
                0x00000000080001d8                _vector_end = .

text            0x00000000080001d8     0x5184
                0x00000000080001d8                __text_region_start = .
 *(SORT_BY_ALIGNMENT(.text))
 .text          0x00000000080001d8       0x30 /home/krishna-inc-5836/zephyr-sdk-0.17.0/arm-zephyr-eabi/bin/../lib/gcc/arm-zephyr-eabi/12.2.0/thumb/v7e-m/nofp/libgcc.a(_aeabi_uldivmod.o)
                0x00000000080001d8                __aeabi_uldivmod
 .text          0x0000000008000208        0x4 /home/krishna-inc-5836/zephyr-sdk-0.17.0/arm-zephyr-eabi/bin/../lib/gcc/arm-zephyr-eabi/12.2.0/thumb/v7e-m/nofp/libgcc.a(_dvmd_tls.o)
                0x0000000008000208                __aeabi_ldiv0
                0x0000000008000208                __aeabi_idiv0
 .text          0x000000000800020c       0x14 /home/krishna-inc-5836/zephyr-sdk-0.17.0/arm-zephyr-eabi/bin/../lib/gcc/../../picolibc/arm-zephyr-eabi/lib/thumb/v7e-m/nofp/libc.a(strcmp.S.o)
                0x000000000800020c                strcmp
 .text          0x0000000008000220      0x2a0 /home/krishna-inc-5836/zephyr-sdk-0.17.0/arm-zephyr-eabi/bin/../lib/gcc/arm-zephyr-eabi/12.2.0/thumb/v7e-m/nofp/libgcc.a(_udivmoddi4.o)
                0x0000000008000220                __udivmoddi4
 *(SORT_BY_ALIGNMENT(.text.*))
 .text.k_mutex_unlock.constprop.0.isra.0
                0x00000000080004c0        0xc app/libapp.a(main.cpp.obj)
 .text._ZL12pump_tick_fnPvS_S_
                0x00000000080004cc       0x74 app/libapp.a(main.cpp.obj)
 .text._ZL10uart_rx_fnPvS_S_
                0x0000000008000540      0x380 app/libapp.a(main.cpp.obj)
 .text._ZN17UartAlarmObserver14onAlarmClearedE9AlarmType
                0x00000000080008c0       0x10 app/libapp.a(main.cpp.obj)
                0x00000000080008c0                UartAlarmObserver::onAlarmCleared(AlarmType)
 .text._ZN17UartAlarmObserver7onAlarmE9AlarmType
                0x00000000080008d0       0x1c app/libapp.a(main.cpp.obj)
                0x00000000080008d0                UartAlarmObserver::onAlarm(AlarmType)
 .text.main     0x00000000080008ec      0x228 app/libapp.a(main.cpp.obj)
                0x00000000080008ec                main
 .text._GLOBAL__sub_I_psm_mutex
                0x0000000008000b14       0x20 app/libapp.a(main.cpp.obj)
 .text._ZN16PumpStateMachine7setRateEj
                0x0000000008000b34       0x14 app/libapp.a(PumpStateMachine.cpp.obj)
                0x0000000008000b34                PumpStateMachine::setRate(unsigned int)
 .text._ZN13CommandParser8dispatchEPKc
                0x0000000008000b48      0x108 app/libapp.a(CommandParser.cpp.obj)
                0x0000000008000b48                CommandParser::dispatch(char const*)
 .text.char_out
                0x0000000008000c50        0xc zephyr/libzephyr.a(printk.c.obj)
 .text.__printk_hook_install
                0x0000000008000c5c        0xc zephyr/libzephyr.a(printk.c.obj)
                0x0000000008000c5c                __printk_hook_install
 .text.vprintk  0x0000000008000c68       0x30 zephyr/libzephyr.a(printk.c.obj)
                0x0000000008000c68                vprintk
 .text.z_thread_entry
                0x0000000008000c98       0x34 zephyr/libzephyr.a(thread_entry.c.obj)
                0x0000000008000c98                z_thread_entry
 .text.st_stm32_common_config
                0x0000000008000ccc       0x14 zephyr/libzephyr.a(soc_config.c.obj)
 .text.soc_early_init_hook
                0x0000000008000ce0       0x68 zephyr/libzephyr.a(soc.c.obj)
                0x0000000008000ce0                soc_early_init_hook
 .text.mem_attr_get_regions
                0x0000000008000d48        0xc zephyr/libzephyr.a(mem_attr.c.obj)
                0x0000000008000d48                mem_attr_get_regions
 .text.z_arm_nmi
                0x0000000008000d54       0x14 zephyr/arch/arch/arm/core/libarch__arm__core.a(nmi.c.obj)
                0x0000000008000d54                z_arm_nmi
 .text.z_SysNmiOnReset
                0x0000000008000d68        0x8 zephyr/arch/arch/arm/core/libarch__arm__core.a(nmi_on_reset.S.obj)
                0x0000000008000d68                z_SysNmiOnReset
 .text.arch_tls_stack_setup
                0x0000000008000d70       0x40 zephyr/arch/arch/arm/core/libarch__arm__core.a(tls.c.obj)
                0x0000000008000d70                arch_tls_stack_setup
 .text._HandlerModeExit
                0x0000000008000db0       0x28 zephyr/arch/arch/arm/core/cortex_m/libarch__arm__core__cortex_m.a(exc_exit.c.obj)
                0x0000000008000db0                z_arm_exc_exit
                0x0000000008000db0                z_arm_int_exit
 .text.mem_manage_fault
                0x0000000008000dd8       0xa0 zephyr/arch/arch/arm/core/cortex_m/libarch__arm__core__cortex_m.a(fault.c.obj)
 .text.usage_fault.constprop.0
                0x0000000008000e78       0x54 zephyr/arch/arch/arm/core/cortex_m/libarch__arm__core__cortex_m.a(fault.c.obj)
 .text.bus_fault.constprop.0
                0x0000000008000ecc       0x6c zephyr/arch/arch/arm/core/cortex_m/libarch__arm__core__cortex_m.a(fault.c.obj)
 .text.z_arm_fault
                0x0000000008000f38      0x128 zephyr/arch/arch/arm/core/cortex_m/libarch__arm__core__cortex_m.a(fault.c.obj)
                0x0000000008000f38                z_arm_fault
 .text.z_arm_fault_init
                0x0000000008001060       0x18 zephyr/arch/arch/arm/core/cortex_m/libarch__arm__core__cortex_m.a(fault.c.obj)
                0x0000000008001060                z_arm_fault_init
 .text.__fault  0x0000000008001078       0x14 zephyr/arch/arch/arm/core/cortex_m/libarch__arm__core__cortex_m.a(fault_s.S.obj)
                0x0000000008001078                z_arm_bus_fault
                0x0000000008001078                z_arm_usage_fault
                0x0000000008001078                z_arm_mpu_fault
                0x0000000008001078                z_arm_exc_spurious
                0x0000000008001078                z_arm_debug_monitor
                0x0000000008001078                z_arm_hard_fault
 .text._reset_section
                0x000000000800108c       0x2c zephyr/arch/arch/arm/core/cortex_m/libarch__arm__core__cortex_m.a(reset.S.obj)
                0x000000000800108c                z_arm_reset
                0x000000000800108c                __start
 .text.z_impl_k_thread_abort
                0x00000000080010b8       0x2c zephyr/arch/arch/arm/core/cortex_m/libarch__arm__core__cortex_m.a(thread_abort.c.obj)
                0x00000000080010b8                z_impl_k_thread_abort
 .text.arch_swap
                0x00000000080010e4       0x30 zephyr/arch/arch/arm/core/cortex_m/libarch__arm__core__cortex_m.a(swap.c.obj)
                0x00000000080010e4                arch_swap
 .text.z_arm_pendsv
                0x0000000008001114       0x64 zephyr/arch/arch/arm/core/cortex_m/libarch__arm__core__cortex_m.a(swap_helper.S.obj)
                0x0000000008001114                z_arm_pendsv
 .text.z_arm_svc
                0x0000000008001178       0x24 zephyr/arch/arch/arm/core/cortex_m/libarch__arm__core__cortex_m.a(swap_helper.S.obj)
                0x0000000008001178                z_arm_svc
 .text.arch_irq_enable
                0x000000000800119c       0x1c zephyr/arch/arch/arm/core/cortex_m/libarch__arm__core__cortex_m.a(irq_manage.c.obj)
                0x000000000800119c                arch_irq_enable
 .text.z_arm_irq_priority_set
                0x00000000080011b8       0x30 zephyr/arch/arch/arm/core/cortex_m/libarch__arm__core__cortex_m.a(irq_manage.c.obj)
                0x00000000080011b8                z_arm_irq_priority_set
 .text.z_prep_c
                0x00000000080011e8       0x48 zephyr/arch/arch/arm/core/cortex_m/libarch__arm__core__cortex_m.a(prep_c.c.obj)
                0x00000000080011e8                z_prep_c
 .text.arch_new_thread
                0x0000000008001230       0x38 zephyr/arch/arch/arm/core/cortex_m/libarch__arm__core__cortex_m.a(thread.c.obj)
                0x0000000008001230                arch_new_thread
 .text.z_check_thread_stack_fail
                0x0000000008001268       0x2c zephyr/arch/arch/arm/core/cortex_m/libarch__arm__core__cortex_m.a(thread.c.obj)
                0x0000000008001268                z_check_thread_stack_fail
 .text.arch_switch_to_main_thread
                0x0000000008001294       0x44 zephyr/arch/arch/arm/core/cortex_m/libarch__arm__core__cortex_m.a(thread.c.obj)
                0x0000000008001294                arch_switch_to_main_thread
 .text.z_arm_cpu_idle_init
                0x00000000080012d8        0xc zephyr/arch/arch/arm/core/cortex_m/libarch__arm__core__cortex_m.a(cpu_idle.c.obj)
                0x00000000080012d8                z_arm_cpu_idle_init
 .text.z_arm_interrupt_init
                0x00000000080012e4       0x18 zephyr/arch/arch/arm/core/cortex_m/libarch__arm__core__cortex_m.a(irq_init.c.obj)
                0x00000000080012e4                z_arm_interrupt_init
 .text._isr_wrapper
                0x00000000080012fc       0x24 zephyr/arch/arch/arm/core/cortex_m/libarch__arm__core__cortex_m.a(isr_wrapper.c.obj)
                0x00000000080012fc                _isr_wrapper
 .text.z_arm_configure_static_mpu_regions
                0x0000000008001320       0x18 zephyr/arch/arch/arm/core/mpu/libarch__arm__core__mpu.a(arm_core_mpu.c.obj)
                0x0000000008001320                z_arm_configure_static_mpu_regions
 .text.z_arm_configure_dynamic_mpu_regions
                0x0000000008001338       0x20 zephyr/arch/arch/arm/core/mpu/libarch__arm__core__mpu.a(arm_core_mpu.c.obj)
                0x0000000008001338                z_arm_configure_dynamic_mpu_regions
 .text.region_init
                0x0000000008001358       0x28 zephyr/arch/arch/arm/core/mpu/libarch__arm__core__mpu.a(arm_mpu.c.obj)
 .text.mpu_configure_regions
                0x0000000008001380       0x6c zephyr/arch/arch/arm/core/mpu/libarch__arm__core__mpu.a(arm_mpu.c.obj)
 .text.arm_core_mpu_enable
                0x00000000080013ec       0x18 zephyr/arch/arch/arm/core/mpu/libarch__arm__core__mpu.a(arm_mpu.c.obj)
                0x00000000080013ec                arm_core_mpu_enable
 .text.arm_core_mpu_disable
                0x0000000008001404       0x14 zephyr/arch/arch/arm/core/mpu/libarch__arm__core__mpu.a(arm_mpu.c.obj)
                0x0000000008001404                arm_core_mpu_disable
 .text.arm_core_mpu_configure_static_mpu_regions
                0x0000000008001418       0x14 zephyr/arch/arch/arm/core/mpu/libarch__arm__core__mpu.a(arm_mpu.c.obj)
                0x0000000008001418                arm_core_mpu_configure_static_mpu_regions
 .text.arm_core_mpu_configure_dynamic_mpu_regions
                0x000000000800142c       0x38 zephyr/arch/arch/arm/core/mpu/libarch__arm__core__mpu.a(arm_mpu.c.obj)
                0x000000000800142c                arm_core_mpu_configure_dynamic_mpu_regions
 .text.z_arm_mpu_init
                0x0000000008001464      0x168 zephyr/arch/arch/arm/core/mpu/libarch__arm__core__mpu.a(arm_mpu.c.obj)
                0x0000000008001464                z_arm_mpu_init
 .text.z_impl_zephyr_fputc
                0x00000000080015cc       0x10 zephyr/lib/libc/picolibc/liblib__libc__picolibc.a(libc-hooks.c.obj)
                0x00000000080015cc                z_impl_zephyr_fputc
 .text.__stdout_hook_install
                0x00000000080015dc       0x18 zephyr/lib/libc/picolibc/liblib__libc__picolibc.a(libc-hooks.c.obj)
                0x00000000080015dc                __stdout_hook_install
 .text.malloc_prepare
                0x00000000080015f4       0x24 zephyr/lib/libc/common/liblib__libc__common.a(malloc.c.obj)
 .text.malloc_lock
                0x0000000008001618       0x14 zephyr/lib/libc/common/liblib__libc__common.a(malloc.c.obj)
 .text.malloc_unlock
                0x000000000800162c        0xc zephyr/lib/libc/common/liblib__libc__common.a(malloc.c.obj)
 .text.free     0x0000000008001638       0x1c zephyr/lib/libc/common/liblib__libc__common.a(malloc.c.obj)
                0x0000000008001638                free
 .text.stm32_exti_isr
                0x0000000008001654       0x4c zephyr/drivers/interrupt_controller/libdrivers__interrupt_controller.a(intc_exti_stm32.c.obj)
 .text.stm32_fill_irq_table
                0x00000000080016a0       0x18 zephyr/drivers/interrupt_controller/libdrivers__interrupt_controller.a(intc_exti_stm32.c.obj)
 .text.stm32_exti_init
                0x00000000080016b8       0xb4 zephyr/drivers/interrupt_controller/libdrivers__interrupt_controller.a(intc_exti_stm32.c.obj)
 .text.stm32_gpio_intc_enable_line
                0x000000000800176c       0x2c zephyr/drivers/interrupt_controller/libdrivers__interrupt_controller.a(intc_exti_stm32.c.obj)
                0x000000000800176c                stm32_gpio_intc_enable_line
 .text.stm32_gpio_intc_disable_line
                0x0000000008001798       0x10 zephyr/drivers/interrupt_controller/libdrivers__interrupt_controller.a(intc_exti_stm32.c.obj)
                0x0000000008001798                stm32_gpio_intc_disable_line
 .text.stm32_gpio_intc_select_line_trigger
                0x00000000080017a8       0x50 zephyr/drivers/interrupt_controller/libdrivers__interrupt_controller.a(intc_exti_stm32.c.obj)
                0x00000000080017a8                stm32_gpio_intc_select_line_trigger
 .text.stm32_gpio_intc_set_irq_callback
                0x00000000080017f8       0x40 zephyr/drivers/interrupt_controller/libdrivers__interrupt_controller.a(intc_exti_stm32.c.obj)
                0x00000000080017f8                stm32_gpio_intc_set_irq_callback
 .text.stm32_gpio_intc_remove_irq_callback
                0x0000000008001838       0x24 zephyr/drivers/interrupt_controller/libdrivers__interrupt_controller.a(intc_exti_stm32.c.obj)
                0x0000000008001838                stm32_gpio_intc_remove_irq_callback
 .text.stm32_exti_get_line_src_port
                0x000000000800185c       0x38 zephyr/drivers/interrupt_controller/libdrivers__interrupt_controller.a(intc_exti_stm32.c.obj)
                0x000000000800185c                stm32_exti_get_line_src_port
 .text.stm32_clock_control_get_subsys_rate
                0x0000000008001894       0x94 zephyr/drivers/clock_control/libdrivers__clock_control.a(clock_stm32_ll_common.c.obj)
 .text.stm32_clock_control_init
                0x0000000008001928      0x150 zephyr/drivers/clock_control/libdrivers__clock_control.a(clock_stm32_ll_common.c.obj)
                0x0000000008001928                stm32_clock_control_init
 .text.get_pllsrc_frequency
                0x0000000008001a78        0x8 zephyr/drivers/clock_control/libdrivers__clock_control.a(clock_stm32g4.c.obj)
                0x0000000008001a78                get_pllsrc_frequency
 .text.config_pll_sysclock
                0x0000000008001a80       0x34 zephyr/drivers/clock_control/libdrivers__clock_control.a(clock_stm32g4.c.obj)
                0x0000000008001a80                config_pll_sysclock
 .text.config_enable_default_clocks
                0x0000000008001ab4       0x20 zephyr/drivers/clock_control/libdrivers__clock_control.a(clock_stm32g4.c.obj)
                0x0000000008001ab4                config_enable_default_clocks
 .text.uart_console_init
                0x0000000008001ad4       0x28 zephyr/drivers/console/libdrivers__console.a(uart_console.c.obj)
 .text.console_out
                0x0000000008001afc       0x28 zephyr/drivers/console/libdrivers__console.a(uart_console.c.obj)
 .text.gpio_stm32_pin_interrupt_configure
                0x0000000008001b24       0xb0 zephyr/drivers/gpio/libdrivers__gpio.a(gpio_stm32.c.obj)
 .text.gpio_stm32_init
                0x0000000008001bd4       0x30 zephyr/drivers/gpio/libdrivers__gpio.a(gpio_stm32.c.obj)
 .text.pinctrl_configure_pins
                0x0000000008001c04       0x84 zephyr/drivers/pinctrl/libdrivers__pinctrl.a(pinctrl_stm32.c.obj)
                0x0000000008001c04                pinctrl_configure_pins
 .text.LL_TIM_OC_GetPolarity
                0x0000000008001c88       0x70 zephyr/drivers/pwm/libdrivers__pwm.a(pwm_stm32.c.obj)
 .text.pwm_stm32_set_cycles
                0x0000000008001cf8      0x254 zephyr/drivers/pwm/libdrivers__pwm.a(pwm_stm32.c.obj)
 .text.pwm_stm32_init
                0x0000000008001f4c       0xf0 zephyr/drivers/pwm/libdrivers__pwm.a(pwm_stm32.c.obj)
 .text.uart_stm32_cfg2ll_stopbits
                0x000000000800203c       0x38 zephyr/drivers/serial/libdrivers__serial.a(uart_stm32.c.obj)
 .text.lpuartdiv_calc
                0x0000000008002074       0x30 zephyr/drivers/serial/libdrivers__serial.a(uart_stm32.c.obj)
                0x0000000008002074                lpuartdiv_calc
 .text.uart_stm32_set_baudrate
                0x00000000080020a4       0xb0 zephyr/drivers/serial/libdrivers__serial.a(uart_stm32.c.obj)
 .text.uart_stm32_configure
                0x0000000008002154      0x100 zephyr/drivers/serial/libdrivers__serial.a(uart_stm32.c.obj)
 .text.uart_stm32_init
                0x0000000008002254      0x154 zephyr/drivers/serial/libdrivers__serial.a(uart_stm32.c.obj)
 .text.elapsed  0x00000000080023a8       0x4c zephyr/drivers/timer/libdrivers__timer.a(cortex_m_systick.c.obj)
 .text.sys_clock_driver_init
                0x00000000080023f4       0x38 zephyr/drivers/timer/libdrivers__timer.a(cortex_m_systick.c.obj)
 .text.sys_clock_isr
                0x000000000800242c       0x60 zephyr/drivers/timer/libdrivers__timer.a(cortex_m_systick.c.obj)
                0x000000000800242c                sys_clock_isr
 .text.sys_clock_set_timeout
                0x000000000800248c       0xf8 zephyr/drivers/timer/libdrivers__timer.a(cortex_m_systick.c.obj)
                0x000000000800248c                sys_clock_set_timeout
 .text.sys_clock_elapsed
                0x0000000008002584       0x3c zephyr/drivers/timer/libdrivers__timer.a(cortex_m_systick.c.obj)
                0x0000000008002584                sys_clock_elapsed
 .text.sys_clock_cycle_get_32
                0x00000000080025c0       0x28 zephyr/drivers/timer/libdrivers__timer.a(cortex_m_systick.c.obj)
                0x00000000080025c0                sys_clock_cycle_get_32
 .text.HAL_RCC_GetSysClockFreq
                0x00000000080025e8       0x6c modules/hal_stm32/stm32cube/lib..__modules__hal__stm32__stm32cube.a(stm32g4xx_hal_rcc.c.obj)
                0x00000000080025e8                HAL_RCC_GetSysClockFreq
 .text.LL_TIM_Init
                0x0000000008002654       0xb8 modules/hal_stm32/stm32cube/lib..__modules__hal__stm32__stm32cube.a(stm32g4xx_ll_tim.c.obj)
                0x0000000008002654                LL_TIM_Init
 .text.LL_TIM_OC_Init
                0x000000000800270c      0x358 modules/hal_stm32/stm32cube/lib..__modules__hal__stm32__stm32cube.a(stm32g4xx_ll_tim.c.obj)
                0x000000000800270c                LL_TIM_OC_Init
 .text.LL_SetFlashLatency
                0x0000000008002a64       0xdc modules/hal_stm32/stm32cube/lib..__modules__hal__stm32__stm32cube.a(stm32g4xx_ll_utils.c.obj)
                0x0000000008002a64                LL_SetFlashLatency
 .text.z_fatal_error
                0x0000000008002b40       0x30 zephyr/kernel/libkernel.a(fatal.c.obj)
                0x0000000008002b40                z_fatal_error
 .text.z_sys_init_run_level
                0x0000000008002b70       0x2c zephyr/kernel/libkernel.a(init.c.obj)
 .text.bg_thread_main
                0x0000000008002b9c       0xc4 zephyr/kernel/libkernel.a(init.c.obj)
 .text.z_bss_zero
                0x0000000008002c60       0x18 zephyr/kernel/libkernel.a(init.c.obj)
                0x0000000008002c60                z_bss_zero
 .text.z_init_cpu
                0x0000000008002c78       0x70 zephyr/kernel/libkernel.a(init.c.obj)
                0x0000000008002c78                z_init_cpu
 .text.z_cstart
                0x0000000008002ce8       0xdc zephyr/kernel/libkernel.a(init.c.obj)
                0x0000000008002ce8                z_cstart
 .text.__do_global_ctors_aux
                0x0000000008002dc4       0x1c zephyr/kernel/libkernel.a(init_static.c.obj)
                0x0000000008002dc4                __do_global_ctors_aux
 .text.__do_init_array_aux
                0x0000000008002de0       0x1c zephyr/kernel/libkernel.a(init_static.c.obj)
                0x0000000008002de0                __do_init_array_aux
 .text.z_impl_k_mutex_lock
                0x0000000008002dfc       0xf0 zephyr/kernel/libkernel.a(mutex.c.obj)
                0x0000000008002dfc                z_impl_k_mutex_lock
 .text.z_impl_k_mutex_unlock
                0x0000000008002eec       0xa0 zephyr/kernel/libkernel.a(mutex.c.obj)
                0x0000000008002eec                z_impl_k_mutex_unlock
 .text.z_setup_new_thread
                0x0000000008002f8c       0x98 zephyr/kernel/libkernel.a(thread.c.obj)
                0x0000000008002f8c                z_setup_new_thread
 .text.z_impl_k_thread_create
                0x0000000008003024       0x58 zephyr/kernel/libkernel.a(thread.c.obj)
                0x0000000008003024                z_impl_k_thread_create
 .text.unready_thread
                0x000000000800307c       0x54 zephyr/kernel/libkernel.a(sched.c.obj)
 .text.ready_thread
                0x00000000080030d0       0x8c zephyr/kernel/libkernel.a(sched.c.obj)
 .text.z_thread_halt
                0x000000000800315c      0x10c zephyr/kernel/libkernel.a(sched.c.obj)
 .text.move_thread_to_end_of_prio_q
                0x0000000008003268       0x94 zephyr/kernel/libkernel.a(sched.c.obj)
                0x0000000008003268                move_thread_to_end_of_prio_q
 .text.z_pend_curr
                0x00000000080032fc       0x58 zephyr/kernel/libkernel.a(sched.c.obj)
                0x00000000080032fc                z_pend_curr
 .text.z_thread_prio_set
                0x0000000008003354       0x9c zephyr/kernel/libkernel.a(sched.c.obj)
                0x0000000008003354                z_thread_prio_set
 .text.z_reschedule
                0x00000000080033f0       0x24 zephyr/kernel/libkernel.a(sched.c.obj)
                0x00000000080033f0                z_reschedule
 .text.z_sched_start
                0x0000000008003414       0x3c zephyr/kernel/libkernel.a(sched.c.obj)
                0x0000000008003414                z_sched_start
 .text.z_reschedule_irqlock
                0x0000000008003450       0x28 zephyr/kernel/libkernel.a(sched.c.obj)
                0x0000000008003450                z_reschedule_irqlock
 .text.k_sched_lock
                0x0000000008003478       0x28 zephyr/kernel/libkernel.a(sched.c.obj)
                0x0000000008003478                k_sched_lock
 .text.k_sched_unlock
                0x00000000080034a0       0x68 zephyr/kernel/libkernel.a(sched.c.obj)
                0x00000000080034a0                k_sched_unlock
 .text.z_sched_init
                0x0000000008003508       0x10 zephyr/kernel/libkernel.a(sched.c.obj)
                0x0000000008003508                z_sched_init
 .text.z_impl_k_yield
                0x0000000008003518       0x8c zephyr/kernel/libkernel.a(sched.c.obj)
                0x0000000008003518                z_impl_k_yield
 .text.z_tick_sleep
                0x00000000080035a4       0x88 zephyr/kernel/libkernel.a(sched.c.obj)
 .text.z_impl_k_sleep
                0x000000000800362c       0x3c zephyr/kernel/libkernel.a(sched.c.obj)
                0x000000000800362c                z_impl_k_sleep
 .text.z_impl_k_sched_current_thread_query
                0x0000000008003668        0xc zephyr/kernel/libkernel.a(sched.c.obj)
                0x0000000008003668                z_impl_k_sched_current_thread_query
 .text.slice_timeout
                0x0000000008003674       0x20 zephyr/kernel/libkernel.a(timeslicing.c.obj)
 .text.thread_is_sliceable
                0x0000000008003694       0x3c zephyr/kernel/libkernel.a(timeslicing.c.obj)
                0x0000000008003694                thread_is_sliceable
 .text.z_reset_time_slice
                0x00000000080036d0       0x50 zephyr/kernel/libkernel.a(timeslicing.c.obj)
                0x00000000080036d0                z_reset_time_slice
 .text.z_time_slice
                0x0000000008003720       0x60 zephyr/kernel/libkernel.a(timeslicing.c.obj)
                0x0000000008003720                z_time_slice
 .text.z_data_copy
                0x0000000008003780       0x38 zephyr/kernel/libkernel.a(xip.c.obj)
                0x0000000008003780                z_data_copy
 .text.elapsed  0x00000000080037b8       0x14 zephyr/kernel/libkernel.a(timeout.c.obj)
 .text.remove_timeout
                0x00000000080037cc       0x38 zephyr/kernel/libkernel.a(timeout.c.obj)
 .text.next_timeout
                0x0000000008003804       0x40 zephyr/kernel/libkernel.a(timeout.c.obj)
 .text.z_add_timeout
                0x0000000008003844       0xf4 zephyr/kernel/libkernel.a(timeout.c.obj)
                0x0000000008003844                z_add_timeout
 .text.sys_clock_announce
                0x0000000008003938       0xd0 zephyr/kernel/libkernel.a(timeout.c.obj)
                0x0000000008003938                sys_clock_announce
 .text.sys_clock_tick_get
                0x0000000008003a08       0x30 zephyr/kernel/libkernel.a(timeout.c.obj)
                0x0000000008003a08                sys_clock_tick_get
 .text.z_timer_expiration_handler
                0x0000000008003a38       0xe0 zephyr/kernel/libkernel.a(timer.c.obj)
                0x0000000008003a38                z_timer_expiration_handler
 .text.z_impl_k_timer_start
                0x0000000008003b18       0x74 zephyr/kernel/libkernel.a(timer.c.obj)
                0x0000000008003b18                z_impl_k_timer_start
 .text.z_impl_k_timer_status_sync
                0x0000000008003b8c       0x54 zephyr/kernel/libkernel.a(timer.c.obj)
                0x0000000008003b8c                z_impl_k_timer_status_sync
 .text.boot_banner
                0x0000000008003be0        0xc zephyr/kernel/libkernel.a(banner.c.obj)
                0x0000000008003be0                boot_banner
 .text.__l_vfprintf
                0x0000000008003bec      0x4b8 /home/krishna-inc-5836/zephyr-sdk-0.17.0/arm-zephyr-eabi/bin/../lib/gcc/../../picolibc/arm-zephyr-eabi/lib/thumb/v7e-m/nofp/libc.a(libc_tinystdio_vflprintf.c.o)
                0x0000000008003bec                __l_vfprintf
 .text._OffsetAbsSyms
                0x00000000080040a4        0x2 zephyr/CMakeFiles/offsets.dir/./arch/arm/core/offsets/offsets.c.obj
                0x00000000080040a4                _OffsetAbsSyms
 .text.uart_poll_out
                0x00000000080040a6        0x6 app/libapp.a(main.cpp.obj)
 .text._ZNK19ZephyrStepperDriver12getStepCountEv
                0x00000000080040ac        0x4 app/libapp.a(main.cpp.obj)
                0x00000000080040ac                ZephyrStepperDriver::getStepCount() const
 .text._ZN19ZephyrStepperDriver14resetStepCountEv
                0x00000000080040b0        0x6 app/libapp.a(main.cpp.obj)
                0x00000000080040b0                ZephyrStepperDriver::resetStepCount()
 .text._ZL10uart_printPK6devicePKc
                0x00000000080040b6       0x16 app/libapp.a(main.cpp.obj)
 .text._ZN19BuzzerAlarmObserverD2Ev
                0x00000000080040cc        0x2 app/libapp.a(main.cpp.obj)
                0x00000000080040cc                BuzzerAlarmObserver::~BuzzerAlarmObserver()
                0x00000000080040cc                BuzzerAlarmObserver::~BuzzerAlarmObserver()
 .text._ZN16LedAlarmObserverD2Ev
                0x00000000080040ce        0x2 app/libapp.a(main.cpp.obj)
                0x00000000080040ce                LedAlarmObserver::~LedAlarmObserver()
                0x00000000080040ce                LedAlarmObserver::~LedAlarmObserver()
 .text._ZN17UartAlarmObserverD2Ev
                0x00000000080040d0        0x2 app/libapp.a(main.cpp.obj)
                0x00000000080040d0                UartAlarmObserver::~UartAlarmObserver()
                0x00000000080040d0                UartAlarmObserver::~UartAlarmObserver()
 .text._ZN19ZephyrStepperDriverD2Ev
                0x00000000080040d2        0x2 app/libapp.a(main.cpp.obj)
                0x00000000080040d2                ZephyrStepperDriver::~ZephyrStepperDriver()
                0x00000000080040d2                ZephyrStepperDriver::~ZephyrStepperDriver()
 .text._ZN19ZephyrStepperDriverD0Ev
                0x00000000080040d4        0xe app/libapp.a(main.cpp.obj)
                0x00000000080040d4                ZephyrStepperDriver::~ZephyrStepperDriver()
 .text._ZN17UartAlarmObserverD0Ev
                0x00000000080040e2        0xe app/libapp.a(main.cpp.obj)
                0x00000000080040e2                UartAlarmObserver::~UartAlarmObserver()
 .text._ZN16LedAlarmObserverD0Ev
                0x00000000080040f0        0xe app/libapp.a(main.cpp.obj)
                0x00000000080040f0                LedAlarmObserver::~LedAlarmObserver()
 .text._ZN19BuzzerAlarmObserverD0Ev
                0x00000000080040fe        0xe app/libapp.a(main.cpp.obj)
                0x00000000080040fe                BuzzerAlarmObserver::~BuzzerAlarmObserver()
 .text.gpio_pin_set_dt.isra.0
                0x000000000800410c       0x28 app/libapp.a(main.cpp.obj)
 .text._ZN19ZephyrStepperDriver4stepEv
                0x0000000008004134       0x24 app/libapp.a(main.cpp.obj)
                0x0000000008004134                ZephyrStepperDriver::step()
 .text._ZN19BuzzerAlarmObserver14onAlarmClearedE9AlarmType
                0x0000000008004158        0x8 app/libapp.a(main.cpp.obj)
                0x0000000008004158                BuzzerAlarmObserver::onAlarmCleared(AlarmType)
 .text._ZN16LedAlarmObserver14onAlarmClearedE9AlarmType
                0x0000000008004160        0x8 app/libapp.a(main.cpp.obj)
                0x0000000008004160                LedAlarmObserver::onAlarmCleared(AlarmType)
 .text._ZN16LedAlarmObserver7onAlarmE9AlarmType
                0x0000000008004168        0x8 app/libapp.a(main.cpp.obj)
                0x0000000008004168                LedAlarmObserver::onAlarm(AlarmType)
 .text._ZN19ZephyrStepperDriver12setDirectionEb
                0x0000000008004170        0x6 app/libapp.a(main.cpp.obj)
                0x0000000008004170                ZephyrStepperDriver::setDirection(bool)
 .text._ZN19ZephyrStepperDriver7disableEv
                0x0000000008004176        0x8 app/libapp.a(main.cpp.obj)
                0x0000000008004176                ZephyrStepperDriver::disable()
 .text._ZN19ZephyrStepperDriver6enableEv
                0x000000000800417e        0x8 app/libapp.a(main.cpp.obj)
                0x000000000800417e                ZephyrStepperDriver::enable()
 .text.gpio_pin_configure_dt.constprop.0.isra.0
                0x0000000008004186       0x34 app/libapp.a(main.cpp.obj)
 .text.k_msleep.isra.0
                0x00000000080041ba        0xa app/libapp.a(main.cpp.obj)
 .text._ZN19BuzzerAlarmObserver7onAlarmE9AlarmType
                0x00000000080041c4       0x30 app/libapp.a(main.cpp.obj)
                0x00000000080041c4                BuzzerAlarmObserver::onAlarm(AlarmType)
 .text._ZN17UartAlarmObserver8txStringEPKc
                0x00000000080041f4       0x1a app/libapp.a(main.cpp.obj)
                0x00000000080041f4                UartAlarmObserver::txString(char const*)
 .text._ZN12AlarmManagerC2Ev
                0x000000000800420e       0x12 app/libapp.a(AlarmManager.cpp.obj)
                0x000000000800420e                AlarmManager::AlarmManager()
                0x000000000800420e                AlarmManager::AlarmManager()
 .text._ZN12AlarmManager16registerObserverEP14IAlarmObserver
                0x0000000008004220       0x1c app/libapp.a(AlarmManager.cpp.obj)
                0x0000000008004220                AlarmManager::registerObserver(IAlarmObserver*)
 .text._ZN12AlarmManager5raiseE9AlarmType
                0x000000000800423c       0x30 app/libapp.a(AlarmManager.cpp.obj)
                0x000000000800423c                AlarmManager::raise(AlarmType)
 .text._ZN12AlarmManager5clearE9AlarmType
                0x000000000800426c       0x34 app/libapp.a(AlarmManager.cpp.obj)
                0x000000000800426c                AlarmManager::clear(AlarmType)
 .text._ZN13VolumeTrackerC2Ej
                0x00000000080042a0        0xa app/libapp.a(VolumeTracker.cpp.obj)
                0x00000000080042a0                VolumeTracker::VolumeTracker(unsigned int)
                0x00000000080042a0                VolumeTracker::VolumeTracker(unsigned int)
 .text._ZN13VolumeTracker8addStepsEj
                0x00000000080042aa       0x12 app/libapp.a(VolumeTracker.cpp.obj)
                0x00000000080042aa                VolumeTracker::addSteps(unsigned int)
 .text._ZN13VolumeTracker5resetEv
                0x00000000080042bc        0x8 app/libapp.a(VolumeTracker.cpp.obj)
                0x00000000080042bc                VolumeTracker::reset()
 .text._ZNK13VolumeTracker8volumeULEv
                0x00000000080042c4        0xc app/libapp.a(VolumeTracker.cpp.obj)
                0x00000000080042c4                VolumeTracker::volumeUL() const
 .text._ZN16PumpStateMachineC2ER14IStepperDriverR12AlarmManagerR13VolumeTrackerj
                0x00000000080042d0       0x1a app/libapp.a(PumpStateMachine.cpp.obj)
                0x00000000080042d0                PumpStateMachine::PumpStateMachine(IStepperDriver&, AlarmManager&, VolumeTracker&, unsigned int)
                0x00000000080042d0                PumpStateMachine::PumpStateMachine(IStepperDriver&, AlarmManager&, VolumeTracker&, unsigned int)
 .text._ZNK16PumpStateMachine17isValidTransitionE9PumpState9PumpEvent
                0x00000000080042ea       0x44 app/libapp.a(PumpStateMachine.cpp.obj)
                0x00000000080042ea                PumpStateMachine::isValidTransition(PumpState, PumpEvent) const
 .text._ZNK16PumpStateMachine12currentStateEv
                0x000000000800432e        0x4 app/libapp.a(PumpStateMachine.cpp.obj)
                0x000000000800432e                PumpStateMachine::currentState() const
 .text._ZN16PumpStateMachine9enterIdleEv
                0x0000000008004332       0x30 app/libapp.a(PumpStateMachine.cpp.obj)
                0x0000000008004332                PumpStateMachine::enterIdle()
 .text._ZN16PumpStateMachine12enterPrimingEv
                0x0000000008004362       0x1e app/libapp.a(PumpStateMachine.cpp.obj)
                0x0000000008004362                PumpStateMachine::enterPriming()
 .text._ZN16PumpStateMachine13enterInfusingEv
                0x0000000008004380       0x1e app/libapp.a(PumpStateMachine.cpp.obj)
                0x0000000008004380                PumpStateMachine::enterInfusing()
 .text._ZN16PumpStateMachine11enterPausedEv
                0x000000000800439e       0x18 app/libapp.a(PumpStateMachine.cpp.obj)
                0x000000000800439e                PumpStateMachine::enterPaused()
 .text._ZN16PumpStateMachine19enterOcclusionAlarmEv
                0x00000000080043b6       0x18 app/libapp.a(PumpStateMachine.cpp.obj)
                0x00000000080043b6                PumpStateMachine::enterOcclusionAlarm()
 .text._ZN16PumpStateMachine13enterCompleteEv
                0x00000000080043ce       0x18 app/libapp.a(PumpStateMachine.cpp.obj)
                0x00000000080043ce                PumpStateMachine::enterComplete()
 .text._ZN16PumpStateMachine11handleEventE9PumpEvent
                0x00000000080043e6       0x7e app/libapp.a(PumpStateMachine.cpp.obj)
                0x00000000080043e6                PumpStateMachine::handleEvent(PumpEvent)
 .text._ZN16PumpStateMachine4tickEv
                0x0000000008004464       0x62 app/libapp.a(PumpStateMachine.cpp.obj)
                0x0000000008004464                PumpStateMachine::tick()
 .text._ZN13CommandParser10startsWithEPKcS1_
                0x00000000080044c6       0x18 app/libapp.a(CommandParser.cpp.obj)
                0x00000000080044c6                CommandParser::startsWith(char const*, char const*)
 .text._ZNSt5arrayIcLj32EE4fillERKc
                0x00000000080044de        0x8 app/libapp.a(CommandParser.cpp.obj)
                0x00000000080044de                std::array<char, 32u>::fill(char const&)
 .text._ZN13CommandParserC2ER16PumpStateMachine
                0x00000000080044e6       0x2e app/libapp.a(CommandParser.cpp.obj)
                0x00000000080044e6                CommandParser::CommandParser(PumpStateMachine&)
                0x00000000080044e6                CommandParser::CommandParser(PumpStateMachine&)
 .text._ZN13CommandParser8feedByteEh
                0x0000000008004514       0x86 app/libapp.a(CommandParser.cpp.obj)
                0x0000000008004514                CommandParser::feedByte(unsigned char)
 .text.chunk_size
                0x000000000800459a        0xa zephyr/libzephyr.a(heap.c.obj)
 .text.free_list_add
                0x00000000080045a4       0x4e zephyr/libzephyr.a(heap.c.obj)
 .text.free_list_remove_bidx
                0x00000000080045f2       0x3a zephyr/libzephyr.a(heap.c.obj)
 .text.free_list_remove
                0x000000000800462c       0x1a zephyr/libzephyr.a(heap.c.obj)
 .text.merge_chunks
                0x0000000008004646       0x2c zephyr/libzephyr.a(heap.c.obj)
 .text.free_chunk
                0x0000000008004672       0x62 zephyr/libzephyr.a(heap.c.obj)
 .text.sys_heap_free
                0x00000000080046d4       0x1e zephyr/libzephyr.a(heap.c.obj)
                0x00000000080046d4                sys_heap_free
 .text.sys_heap_init
                0x00000000080046f2       0x7a zephyr/libzephyr.a(heap.c.obj)
                0x00000000080046f2                sys_heap_init
 .text.arch_printk_char_out
                0x000000000800476c        0x4 zephyr/libzephyr.a(printk.c.obj)
                0x000000000800476c                arch_printk_char_out
 .text.printk   0x0000000008004770       0x1a zephyr/libzephyr.a(printk.c.obj)
                0x0000000008004770                printk
 .text._ConfigAbsSyms
                0x000000000800478a        0x2 zephyr/libzephyr.a(configs.c.obj)
                0x000000000800478a                _ConfigAbsSyms
 .text.z_arm_fatal_error
                0x000000000800478c        0xc zephyr/arch/arch/arm/core/libarch__arm__core.a(fatal.c.obj)
                0x000000000800478c                z_arm_fatal_error
 .text.z_do_kernel_oops
                0x0000000008004798        0x8 zephyr/arch/arch/arm/core/libarch__arm__core.a(fatal.c.obj)
                0x0000000008004798                z_do_kernel_oops
 .text.z_irq_spurious
                0x00000000080047a0        0x8 zephyr/arch/arch/arm/core/cortex_m/libarch__arm__core__cortex_m.a(irq_manage.c.obj)
                0x00000000080047a0                z_irq_spurious
 .text.arch_irq_unlock_outlined
                0x00000000080047a8        0xe zephyr/arch/arch/arm/core/cortex_m/libarch__arm__core__cortex_m.a(thread.c.obj)
                0x00000000080047a8                arch_irq_unlock_outlined
 .text.arch_cpu_idle
                0x00000000080047b6       0x1a zephyr/arch/arch/arm/core/cortex_m/libarch__arm__core__cortex_m.a(cpu_idle.c.obj)
                0x00000000080047b6                arch_cpu_idle
 .text.size_to_mpu_rasr_size
                0x00000000080047d0       0x20 zephyr/arch/arch/arm/core/mpu/libarch__arm__core__mpu.a(arm_mpu.c.obj)
 .text.picolibc_put
                0x00000000080047f0        0xa zephyr/lib/libc/picolibc/liblib__libc__picolibc.a(libc-hooks.c.obj)
 .text.stm32_gpio_intc_get_pin_irq_line
                0x00000000080047fa        0x6 zephyr/drivers/interrupt_controller/libdrivers__interrupt_controller.a(intc_exti_stm32.c.obj)
                0x00000000080047fa                stm32_gpio_intc_get_pin_irq_line
 .text.stm32_exti_set_line_src_port
                0x0000000008004800       0x3c zephyr/drivers/interrupt_controller/libdrivers__interrupt_controller.a(intc_exti_stm32.c.obj)
                0x0000000008004800                stm32_exti_set_line_src_port
 .text.stm32_clock_control_on
                0x000000000800483c       0x38 zephyr/drivers/clock_control/libdrivers__clock_control.a(clock_stm32_ll_common.c.obj)
 .text.stm32_clock_control_off
                0x0000000008004874       0x24 zephyr/drivers/clock_control/libdrivers__clock_control.a(clock_stm32_ll_common.c.obj)
 .text.enabled_clock
                0x0000000008004898       0x1e zephyr/drivers/clock_control/libdrivers__clock_control.a(clock_stm32_ll_common.c.obj)
                0x0000000008004898                enabled_clock
 .text.stm32_clock_control_configure
                0x00000000080048b6       0x50 zephyr/drivers/clock_control/libdrivers__clock_control.a(clock_stm32_ll_common.c.obj)
 .text.stm32_clock_control_get_status
                0x0000000008004906       0x30 zephyr/drivers/clock_control/libdrivers__clock_control.a(clock_stm32_ll_common.c.obj)
 .text.config_regulator_voltage
                0x0000000008004936        0x2 zephyr/drivers/clock_control/libdrivers__clock_control.a(clock_stm32_ll_common.c.obj)
                0x0000000008004936                config_regulator_voltage
 .text.gpio_stm32_port_get_raw
                0x0000000008004938        0xc zephyr/drivers/gpio/libdrivers__gpio.a(gpio_stm32.c.obj)
 .text.gpio_stm32_port_set_masked_raw
                0x0000000008004944       0x12 zephyr/drivers/gpio/libdrivers__gpio.a(gpio_stm32.c.obj)
 .text.gpio_stm32_port_set_bits_raw
                0x0000000008004956        0xa zephyr/drivers/gpio/libdrivers__gpio.a(gpio_stm32.c.obj)
 .text.gpio_stm32_port_clear_bits_raw
                0x0000000008004960        0xa zephyr/drivers/gpio/libdrivers__gpio.a(gpio_stm32.c.obj)
 .text.gpio_stm32_port_toggle_bits
                0x000000000800496a        0xe zephyr/drivers/gpio/libdrivers__gpio.a(gpio_stm32.c.obj)
 .text.gpio_stm32_manage_callback
                0x0000000008004978       0x52 zephyr/drivers/gpio/libdrivers__gpio.a(gpio_stm32.c.obj)
 .text.gpio_stm32_configure_raw.isra.0
                0x00000000080049ca      0x106 zephyr/drivers/gpio/libdrivers__gpio.a(gpio_stm32.c.obj)
 .text.gpio_stm32_config
                0x0000000008004ad0      0x120 zephyr/drivers/gpio/libdrivers__gpio.a(gpio_stm32.c.obj)
 .text.gpio_stm32_isr
                0x0000000008004bf0       0x2c zephyr/drivers/gpio/libdrivers__gpio.a(gpio_stm32.c.obj)
 .text.gpio_stm32_configure
                0x0000000008004c1c       0x2a zephyr/drivers/gpio/libdrivers__gpio.a(gpio_stm32.c.obj)
                0x0000000008004c1c                gpio_stm32_configure
 .text.pinctrl_lookup_state
                0x0000000008004c46       0x26 zephyr/drivers/pinctrl/libdrivers__pinctrl.a(common.c.obj)
                0x0000000008004c46                pinctrl_lookup_state
 .text.LL_TIM_OC_SetCompareCH1
                0x0000000008004c6c        0x4 zephyr/drivers/pwm/libdrivers__pwm.a(pwm_stm32.c.obj)
 .text.LL_TIM_OC_SetCompareCH2
                0x0000000008004c70        0x4 zephyr/drivers/pwm/libdrivers__pwm.a(pwm_stm32.c.obj)
 .text.LL_TIM_OC_SetCompareCH3
                0x0000000008004c74        0x4 zephyr/drivers/pwm/libdrivers__pwm.a(pwm_stm32.c.obj)
 .text.LL_TIM_OC_SetCompareCH4
                0x0000000008004c78        0x4 zephyr/drivers/pwm/libdrivers__pwm.a(pwm_stm32.c.obj)
 .text.LL_TIM_OC_SetCompareCH5
                0x0000000008004c7c        0x6 zephyr/drivers/pwm/libdrivers__pwm.a(pwm_stm32.c.obj)
 .text.LL_TIM_OC_SetCompareCH6
                0x0000000008004c82        0x4 zephyr/drivers/pwm/libdrivers__pwm.a(pwm_stm32.c.obj)
 .text.pwm_stm32_get_cycles_per_sec
                0x0000000008004c86       0x16 zephyr/drivers/pwm/libdrivers__pwm.a(pwm_stm32.c.obj)
 .text.reset_stm32_status
                0x0000000008004c9c       0x20 zephyr/drivers/reset/libdrivers__reset.a(reset_stm32.c.obj)
 .text.reset_stm32_line_assert
                0x0000000008004cbc       0x1c zephyr/drivers/reset/libdrivers__reset.a(reset_stm32.c.obj)
 .text.reset_stm32_line_deassert
                0x0000000008004cd8       0x1e zephyr/drivers/reset/libdrivers__reset.a(reset_stm32.c.obj)
 .text.reset_stm32_line_toggle
                0x0000000008004cf6       0x16 zephyr/drivers/reset/libdrivers__reset.a(reset_stm32.c.obj)
 .text.uart_stm32_ll2cfg_databits
                0x0000000008004d0c       0x2a zephyr/drivers/serial/libdrivers__serial.a(uart_stm32.c.obj)
 .text.uart_stm32_err_check
                0x0000000008004d36       0x5a zephyr/drivers/serial/libdrivers__serial.a(uart_stm32.c.obj)
 .text.uart_stm32_poll_out
                0x0000000008004d90       0x36 zephyr/drivers/serial/libdrivers__serial.a(uart_stm32.c.obj)
 .text.uart_stm32_poll_in
                0x0000000008004dc6       0x20 zephyr/drivers/serial/libdrivers__serial.a(uart_stm32.c.obj)
 .text.uart_stm32_config_get
                0x0000000008004de6       0x92 zephyr/drivers/serial/libdrivers__serial.a(uart_stm32.c.obj)
 .text.uart_stm32_parameters_set
                0x0000000008004e78      0x136 zephyr/drivers/serial/libdrivers__serial.a(uart_stm32.c.obj)
 .text.LL_TIM_StructInit
                0x0000000008004fae       0x12 modules/hal_stm32/stm32cube/lib..__modules__hal__stm32__stm32cube.a(stm32g4xx_ll_tim.c.obj)
                0x0000000008004fae                LL_TIM_StructInit
 .text.LL_TIM_OC_StructInit
                0x0000000008004fc0       0x14 modules/hal_stm32/stm32cube/lib..__modules__hal__stm32__stm32cube.a(stm32g4xx_ll_tim.c.obj)
                0x0000000008004fc0                LL_TIM_OC_StructInit
 .text.z_impl_k_busy_wait
                0x0000000008004fd4       0x1c zephyr/kernel/libkernel.a(busy_wait.c.obj)
                0x0000000008004fd4                z_impl_k_busy_wait
 .text.z_device_state_init
                0x0000000008004ff0        0x2 zephyr/kernel/libkernel.a(device.c.obj)
                0x0000000008004ff0                z_device_state_init
 .text.z_impl_device_is_ready
                0x0000000008004ff2       0x16 zephyr/kernel/libkernel.a(device.c.obj)
                0x0000000008004ff2                z_impl_device_is_ready
 .text.arch_system_halt
                0x0000000008005008       0x10 zephyr/kernel/libkernel.a(fatal.c.obj)
                0x0000000008005008                arch_system_halt
 .text.k_sys_fatal_error_handler
                0x0000000008005018        0x6 zephyr/kernel/libkernel.a(fatal.c.obj)
                0x0000000008005018                k_sys_fatal_error_handler
 .text.do_device_init
                0x000000000800501e       0x30 zephyr/kernel/libkernel.a(init.c.obj)
 .text.z_early_memset
                0x000000000800504e        0x4 zephyr/kernel/libkernel.a(init.c.obj)
                0x000000000800504e                z_early_memset
 .text.z_early_memcpy
                0x0000000008005052        0x4 zephyr/kernel/libkernel.a(init.c.obj)
                0x0000000008005052                z_early_memcpy
 .text.z_init_static
                0x0000000008005056        0xe zephyr/kernel/libkernel.a(init_static.c.obj)
                0x0000000008005056                z_init_static
 .text.idle     0x0000000008005064       0x16 zephyr/kernel/libkernel.a(idle.c.obj)
                0x0000000008005064                idle
 .text.adjust_owner_prio.isra.0
                0x000000000800507a       0x10 zephyr/kernel/libkernel.a(mutex.c.obj)
 .text.z_impl_k_thread_name_set
                0x000000000800508a        0x6 zephyr/kernel/libkernel.a(thread.c.obj)
                0x000000000800508a                z_impl_k_thread_name_set
 .text.z_impl_k_thread_start
                0x0000000008005090        0x4 zephyr/kernel/libkernel.a(thread.c.obj)
                0x0000000008005090                z_impl_k_thread_start
 .text.sys_dlist_remove
                0x0000000008005094       0x10 zephyr/kernel/libkernel.a(sched.c.obj)
 .text.unpend_thread_no_timeout
                0x00000000080050a4       0x14 zephyr/kernel/libkernel.a(sched.c.obj)
 .text.add_to_waitq_locked
                0x00000000080050b8       0x50 zephyr/kernel/libkernel.a(sched.c.obj)
 .text.z_ready_thread
                0x0000000008005108       0x1e zephyr/kernel/libkernel.a(sched.c.obj)
                0x0000000008005108                z_ready_thread
 .text.z_impl_k_thread_suspend
                0x0000000008005126       0x32 zephyr/kernel/libkernel.a(sched.c.obj)
                0x0000000008005126                z_impl_k_thread_suspend
 .text.z_unpend_thread_no_timeout
                0x0000000008005158       0x22 zephyr/kernel/libkernel.a(sched.c.obj)
                0x0000000008005158                z_unpend_thread_no_timeout
 .text.z_sched_wake_thread
                0x000000000800517a       0x42 zephyr/kernel/libkernel.a(sched.c.obj)
                0x000000000800517a                z_sched_wake_thread
 .text.z_thread_timeout
                0x00000000080051bc        0x8 zephyr/kernel/libkernel.a(sched.c.obj)
                0x00000000080051bc                z_thread_timeout
 .text.z_thread_abort
                0x00000000080051c4       0x44 zephyr/kernel/libkernel.a(sched.c.obj)
                0x00000000080051c4                z_thread_abort
 .text.z_abort_timeout
                0x0000000008005208       0x2a zephyr/kernel/libkernel.a(timeout.c.obj)
                0x0000000008005208                z_abort_timeout
 .text.sys_clock_tick_get_32
                0x0000000008005232        0x8 zephyr/kernel/libkernel.a(timeout.c.obj)
                0x0000000008005232                sys_clock_tick_get_32
 .text.z_impl_k_uptime_ticks
                0x000000000800523a        0x4 zephyr/kernel/libkernel.a(timeout.c.obj)
                0x000000000800523a                z_impl_k_uptime_ticks
 .text.k_timer_init
                0x000000000800523e       0x18 zephyr/kernel/libkernel.a(timer.c.obj)
                0x000000000800523e                k_timer_init
 .text._ZdlPvj  0x0000000008005256        0x4 /home/krishna-inc-5836/zephyr-sdk-0.17.0/arm-zephyr-eabi/bin/../lib/gcc/../../picolibc/arm-zephyr-eabi/lib/thumb/v7e-m/nofp/libstdc++.a(del_ops.o)
                0x0000000008005256                operator delete(void*, unsigned int)
 .text._ZdlPv   0x000000000800525a        0x4 /home/krishna-inc-5836/zephyr-sdk-0.17.0/arm-zephyr-eabi/bin/../lib/gcc/../../picolibc/arm-zephyr-eabi/lib/thumb/v7e-m/nofp/libstdc++.a(del_op.o)
                0x000000000800525a                operator delete(void*)
 .text.memcpy   0x000000000800525e       0x1c /home/krishna-inc-5836/zephyr-sdk-0.17.0/arm-zephyr-eabi/bin/../lib/gcc/../../picolibc/arm-zephyr-eabi/lib/thumb/v7e-m/nofp/libc.a(memcpy.c.o)
                0x000000000800525e                memcpy
                0x000000000800525e                __aeabi_memcpy
                0x000000000800525e                __aeabi_memcpy4
                0x000000000800525e                __aeabi_memcpy8
 .text.memset   0x000000000800527a       0x10 /home/krishna-inc-5836/zephyr-sdk-0.17.0/arm-zephyr-eabi/bin/../lib/gcc/../../picolibc/arm-zephyr-eabi/lib/thumb/v7e-m/nofp/libc.a(memset.c.o)
                0x000000000800527a                memset
 .text.strnlen  0x000000000800528a       0x18 /home/krishna-inc-5836/zephyr-sdk-0.17.0/arm-zephyr-eabi/bin/../lib/gcc/../../picolibc/arm-zephyr-eabi/lib/thumb/v7e-m/nofp/libc.a(libc_string_strnlen.c.o)
                0x000000000800528a                strnlen
 .text.__ultoa_invert
                0x00000000080052a2       0xae /home/krishna-inc-5836/zephyr-sdk-0.17.0/arm-zephyr-eabi/bin/../lib/gcc/../../picolibc/arm-zephyr-eabi/lib/thumb/v7e-m/nofp/libc.a(libc_tinystdio_vflprintf.c.o)
 *(SORT_BY_ALIGNMENT(.TEXT.*))
 .TEXT.__aeabi_read_tp
                0x0000000008005350        0xc zephyr/arch/arch/arm/core/cortex_m/libarch__arm__core__cortex_m.a(__aeabi_read_tp.S.obj)
                0x0000000008005350                __aeabi_read_tp
 *(SORT_BY_ALIGNMENT(.gnu.linkonce.t.*))
 *(SORT_BY_ALIGNMENT(.glue_7t))
 .glue_7t       0x000000000800535c        0x0 linker stubs
 *(SORT_BY_ALIGNMENT(.glue_7))
 .glue_7        0x000000000800535c        0x0 linker stubs
 *(SORT_BY_ALIGNMENT(.vfp11_veneer))
 .vfp11_veneer  0x000000000800535c        0x0 linker stubs
 *(SORT_BY_ALIGNMENT(.v4_bx))
 .v4_bx         0x000000000800535c        0x0 linker stubs
                0x000000000800535c                . = ALIGN (0x4)
                0x000000000800535c                __text_region_end = .

.ARM.extab
 *(SORT_BY_ALIGNMENT(.ARM.extab*) SORT_BY_ALIGNMENT(.gnu.linkonce.armextab.*))

.ARM.exidx      0x000000000800535c        0x8
                0x000000000800535c                __exidx_start = .
 *(SORT_BY_ALIGNMENT(.ARM.exidx*) SORT_BY_ALIGNMENT(gnu.linkonce.armexidx.*))
 .ARM.exidx     0x000000000800535c        0x8 /home/krishna-inc-5836/zephyr-sdk-0.17.0/arm-zephyr-eabi/bin/../lib/gcc/../../picolibc/arm-zephyr-eabi/lib/thumb/v7e-m/nofp/libc.a(strcmp.S.o)
 .ARM.exidx     0x0000000008005364        0x0 /home/krishna-inc-5836/zephyr-sdk-0.17.0/arm-zephyr-eabi/bin/../lib/gcc/arm-zephyr-eabi/12.2.0/thumb/v7e-m/nofp/libgcc.a(_udivmoddi4.o)
                                          0x8 (size before relaxing)
 .ARM.exidx.text._ZdlPvj
                0x0000000008005364        0x0 /home/krishna-inc-5836/zephyr-sdk-0.17.0/arm-zephyr-eabi/bin/../lib/gcc/../../picolibc/arm-zephyr-eabi/lib/thumb/v7e-m/nofp/libstdc++.a(del_ops.o)
                                          0x8 (size before relaxing)
 .ARM.exidx.text._ZdlPv
                0x0000000008005364        0x0 /home/krishna-inc-5836/zephyr-sdk-0.17.0/arm-zephyr-eabi/bin/../lib/gcc/../../picolibc/arm-zephyr-eabi/lib/thumb/v7e-m/nofp/libstdc++.a(del_op.o)
                                          0x8 (size before relaxing)
                0x0000000008005364                __exidx_end = .
                0x0000000008005364                __rodata_region_start = .

initlevel       0x0000000008005364       0x98
                0x0000000008005364                __init_start = .
                0x0000000008005364                __init_EARLY_start = .
 *(SORT_BY_NAME(SORT_BY_ALIGNMENT(.z_init_EARLY?_*)))
 *(SORT_BY_NAME(SORT_BY_ALIGNMENT(.z_init_EARLY??_*)))
                0x0000000008005364                __init_PRE_KERNEL_1_start = .
 *(SORT_BY_NAME(SORT_BY_ALIGNMENT(.z_init_PRE_KERNEL_1?_*)))
 .z_init_PRE_KERNEL_11_00009_
                0x0000000008005364        0x8 zephyr/drivers/clock_control/libdrivers__clock_control.a(clock_stm32_ll_common.c.obj)
 .z_init_PRE_KERNEL_11_0_
                0x000000000800536c        0x8 zephyr/libzephyr.a(soc_config.c.obj)
 *(SORT_BY_NAME(SORT_BY_ALIGNMENT(.z_init_PRE_KERNEL_1??_*)))
 .z_init_PRE_KERNEL_135_00049_
                0x0000000008005374        0x8 zephyr/drivers/reset/libdrivers__reset.a(reset_stm32.c.obj)
 .z_init_PRE_KERNEL_140_00027_
                0x000000000800537c        0x8 zephyr/drivers/gpio/libdrivers__gpio.a(gpio_stm32.c.obj)
 .z_init_PRE_KERNEL_140_00044_
                0x0000000008005384        0x8 zephyr/drivers/gpio/libdrivers__gpio.a(gpio_stm32.c.obj)
 .z_init_PRE_KERNEL_140_00072_
                0x000000000800538c        0x8 zephyr/drivers/interrupt_controller/libdrivers__interrupt_controller.a(intc_exti_stm32.c.obj)
 .z_init_PRE_KERNEL_140_00099_
                0x0000000008005394        0x8 zephyr/drivers/gpio/libdrivers__gpio.a(gpio_stm32.c.obj)
 .z_init_PRE_KERNEL_140_00121_
                0x000000000800539c        0x8 zephyr/drivers/gpio/libdrivers__gpio.a(gpio_stm32.c.obj)
 .z_init_PRE_KERNEL_140_00122_
                0x00000000080053a4        0x8 zephyr/drivers/gpio/libdrivers__gpio.a(gpio_stm32.c.obj)
 .z_init_PRE_KERNEL_140_00123_
                0x00000000080053ac        0x8 zephyr/drivers/gpio/libdrivers__gpio.a(gpio_stm32.c.obj)
 .z_init_PRE_KERNEL_140_00124_
                0x00000000080053b4        0x8 zephyr/drivers/gpio/libdrivers__gpio.a(gpio_stm32.c.obj)
 .z_init_PRE_KERNEL_150_00077_
                0x00000000080053bc        0x8 zephyr/drivers/serial/libdrivers__serial.a(uart_stm32.c.obj)
 .z_init_PRE_KERNEL_150_00085_
                0x00000000080053c4        0x8 zephyr/drivers/serial/libdrivers__serial.a(uart_stm32.c.obj)
 .z_init_PRE_KERNEL_150_00088_
                0x00000000080053cc        0x8 zephyr/drivers/serial/libdrivers__serial.a(uart_stm32.c.obj)
 .z_init_PRE_KERNEL_160_0_
                0x00000000080053d4        0x8 zephyr/drivers/console/libdrivers__console.a(uart_console.c.obj)
                0x00000000080053dc                __init_PRE_KERNEL_2_start = .
 *(SORT_BY_NAME(SORT_BY_ALIGNMENT(.z_init_PRE_KERNEL_2?_*)))
 .z_init_PRE_KERNEL_20_0_
                0x00000000080053dc        0x8 zephyr/drivers/timer/libdrivers__timer.a(cortex_m_systick.c.obj)
 *(SORT_BY_NAME(SORT_BY_ALIGNMENT(.z_init_PRE_KERNEL_2??_*)))
                0x00000000080053e4                __init_POST_KERNEL_start = .
 *(SORT_BY_NAME(SORT_BY_ALIGNMENT(.z_init_POST_KERNEL?_*)))
 *(SORT_BY_NAME(SORT_BY_ALIGNMENT(.z_init_POST_KERNEL??_*)))
 .z_init_POST_KERNEL35_0_
                0x00000000080053e4        0x8 zephyr/lib/libc/common/liblib__libc__common.a(malloc.c.obj)
 .z_init_POST_KERNEL50_00052_
                0x00000000080053ec        0x8 zephyr/drivers/pwm/libdrivers__pwm.a(pwm_stm32.c.obj)
 .z_init_POST_KERNEL50_00129_
                0x00000000080053f4        0x8 zephyr/drivers/pwm/libdrivers__pwm.a(pwm_stm32.c.obj)
                0x00000000080053fc                __init_APPLICATION_start = .
 *(SORT_BY_NAME(SORT_BY_ALIGNMENT(.z_init_APPLICATION?_*)))
 *(SORT_BY_NAME(SORT_BY_ALIGNMENT(.z_init_APPLICATION??_*)))
                0x00000000080053fc                __init_SMP_start = .
 *(SORT_BY_NAME(SORT_BY_ALIGNMENT(.z_init_SMP?_*)))
 *(SORT_BY_NAME(SORT_BY_ALIGNMENT(.z_init_SMP??_*)))
                0x00000000080053fc                __init_end = .
                0x00000000080053fc                __deferred_init_list_start = .
 *(SORT_BY_ALIGNMENT(.z_deferred_init*))
                0x00000000080053fc                __deferred_init_list_end = .

device_area     0x00000000080053fc      0x12c
                0x00000000080053fc                _device_list_start = .
 *(SORT_BY_NAME(SORT_BY_ALIGNMENT(._device.static.*_?_*)))
 ._device.static.1_1_
                0x00000000080053fc       0x14 zephyr/drivers/clock_control/libdrivers__clock_control.a(clock_stm32_ll_common.c.obj)
                0x00000000080053fc                __device_dts_ord_9
 *(SORT_BY_NAME(SORT_BY_ALIGNMENT(._device.static.*_??_*)))
 ._device.static.1_35_
                0x0000000008005410       0x14 zephyr/drivers/reset/libdrivers__reset.a(reset_stm32.c.obj)
                0x0000000008005410                __device_dts_ord_49
 ._device.static.1_40_
                0x0000000008005424       0x14 zephyr/drivers/interrupt_controller/libdrivers__interrupt_controller.a(intc_exti_stm32.c.obj)
                0x0000000008005424                __device_dts_ord_72
 ._device.static.1_40_
                0x0000000008005438       0x8c zephyr/drivers/gpio/libdrivers__gpio.a(gpio_stm32.c.obj)
                0x0000000008005438                __device_dts_ord_124
                0x000000000800544c                __device_dts_ord_123
                0x0000000008005460                __device_dts_ord_122
                0x0000000008005474                __device_dts_ord_121
                0x0000000008005488                __device_dts_ord_44
                0x000000000800549c                __device_dts_ord_99
                0x00000000080054b0                __device_dts_ord_27
 ._device.static.1_50_
                0x00000000080054c4       0x3c zephyr/drivers/serial/libdrivers__serial.a(uart_stm32.c.obj)
                0x00000000080054c4                __device_dts_ord_85
                0x00000000080054d8                __device_dts_ord_77
                0x00000000080054ec                __device_dts_ord_88
 ._device.static.3_50_
                0x0000000008005500       0x28 zephyr/drivers/pwm/libdrivers__pwm.a(pwm_stm32.c.obj)
                0x0000000008005500                __device_dts_ord_129
                0x0000000008005514                __device_dts_ord_52
                0x0000000008005528                _device_list_end = .

sw_isr_table    0x0000000008005528      0x330
                0x0000000008005528                . = ALIGN (0x4)
 *(SORT_BY_ALIGNMENT(.gnu.linkonce.sw_isr_table*))
 .gnu.linkonce.sw_isr_table
                0x0000000008005528      0x330 zephyr/arch/common/libisr_tables.a(isr_tables.c.obj)
                0x0000000008005528                _sw_isr_table

initlevel_error
                0x0000000008005364        0x0
 *(SORT_BY_NAME(SORT_BY_ALIGNMENT(.z_init_[_A-Z0-9]*)))
                0x0000000000000001                ASSERT ((SIZEOF (initlevel_error) == 0x0), Undefined initialization levels used.)

app_shmem_regions
                0x0000000008005858        0x0
                0x0000000008005858                __app_shmem_regions_start = .
 *(SORT_BY_NAME(SORT_BY_ALIGNMENT(.app_regions.*)))
                0x0000000008005858                __app_shmem_regions_end = .

k_p4wq_initparam_area
                0x0000000008005858        0x0
                0x0000000008005858                _k_p4wq_initparam_list_start = .
 *(SORT_BY_NAME(SORT_BY_ALIGNMENT(._k_p4wq_initparam.static.*)))
                0x0000000008005858                _k_p4wq_initparam_list_end = .

_static_thread_data_area
                0x0000000008005858        0x0
                0x0000000008005858                __static_thread_data_list_start = .
 *(SORT_BY_NAME(SORT_BY_ALIGNMENT(.__static_thread_data.static.*)))
                0x0000000008005858                __static_thread_data_list_end = .

device_deps     0x0000000008005858        0x0
                0x0000000008005858                __device_deps_start = .
 *(SORT_BY_NAME(SORT_BY_ALIGNMENT(.__device_deps_pass2*)))
                0x0000000008005858                __device_deps_end = .

ztest           0x0000000008005858        0x0
                0x0000000008005858                _ztest_expected_result_entry_list_start = .
 *(SORT_BY_NAME(SORT_BY_ALIGNMENT(._ztest_expected_result_entry.static.*)))
                0x0000000008005858                _ztest_expected_result_entry_list_end = .
                0x0000000008005858                _ztest_suite_node_list_start = .
 *(SORT_BY_NAME(SORT_BY_ALIGNMENT(._ztest_suite_node.static.*)))
                0x0000000008005858                _ztest_suite_node_list_end = .
                0x0000000008005858                _ztest_unit_test_list_start = .
 *(SORT_BY_NAME(SORT_BY_ALIGNMENT(._ztest_unit_test.static.*)))
                0x0000000008005858                _ztest_unit_test_list_end = .
                0x0000000008005858                _ztest_test_rule_list_start = .
 *(SORT_BY_NAME(SORT_BY_ALIGNMENT(._ztest_test_rule.static.*)))
                0x0000000008005858                _ztest_test_rule_list_end = .

ctors           0x0000000008005858        0xc
                0x0000000008005858                . = ALIGN (0x4)
                0x0000000008005858                __ZEPHYR_CTOR_LIST__ = .
                0x0000000008005858        0x4 LONG 0x0 (((__ZEPHYR_CTOR_END__ - __ZEPHYR_CTOR_LIST__) / 0x4) - 0x2)
 *(SORT_BY_NAME(SORT_BY_ALIGNMENT(.ctors*)))
                0x000000000800585c                __CTOR_LIST__ = .
                0x000000000800585c        0x4 LONG 0x0
                0x0000000008005860                __ZEPHYR_CTOR_END__ = .
                0x0000000008005860        0x4 LONG 0x0
                0x0000000008005864                __CTOR_END__ = .

init_array      0x0000000008005864        0x4
                0x0000000008005864                . = ALIGN (0x4)
                0x0000000008005864                __init_array_start = .
                0x0000000008005864                __init_array_end = .
                0x0000000008005864                __zephyr_init_array_start = .
 *(SORT_BY_NAME(SORT_BY_ALIGNMENT(.init_array*)))
 .init_array    0x0000000008005864        0x4 app/libapp.a(main.cpp.obj)
                0x0000000008005868                __zephyr_init_array_end = .

bt_l2cap_fixed_chan_area
                0x0000000008005868        0x0
                0x0000000008005868                _bt_l2cap_fixed_chan_list_start = .
 *(SORT_BY_NAME(SORT_BY_ALIGNMENT(._bt_l2cap_fixed_chan.static.*)))
                0x0000000008005868                _bt_l2cap_fixed_chan_list_end = .

bt_gatt_service_static_area
                0x0000000008005868        0x0
                0x0000000008005868                _bt_gatt_service_static_list_start = .
 *(SORT_BY_NAME(SORT_BY_ALIGNMENT(._bt_gatt_service_static.static.*)))
                0x0000000008005868                _bt_gatt_service_static_list_end = .

log_strings_area
                0x0000000008005868        0x0
                0x0000000008005868                _log_strings_list_start = .
 *(SORT_BY_NAME(SORT_BY_ALIGNMENT(._log_strings.static.*)))
                0x0000000008005868                _log_strings_list_end = .

log_const_area  0x0000000008005868        0x0
                0x0000000008005868                _log_const_list_start = .
 *(SORT_BY_NAME(SORT_BY_ALIGNMENT(._log_const.static.*)))
                0x0000000008005868                _log_const_list_end = .

log_backend_area
                0x0000000008005868        0x0
                0x0000000008005868                _log_backend_list_start = .
 *(SORT_BY_NAME(SORT_BY_ALIGNMENT(._log_backend.static.*)))
                0x0000000008005868                _log_backend_list_end = .

log_link_area   0x0000000008005868        0x0
                0x0000000008005868                _log_link_list_start = .
 *(SORT_BY_NAME(SORT_BY_ALIGNMENT(._log_link.static.*)))
                0x0000000008005868                _log_link_list_end = .

tracing_backend_area
                0x0000000008005868        0x0
                0x0000000008005868                _tracing_backend_list_start = .
 *(SORT_BY_NAME(SORT_BY_ALIGNMENT(._tracing_backend.static.*)))
                0x0000000008005868                _tracing_backend_list_end = .

zephyr_dbg_info
 *(SORT_BY_ALIGNMENT(.dbg_thread_info))

intc_table_area
                0x0000000008005868        0x0
                0x0000000008005868                _intc_table_list_start = .
 *(SORT_BY_NAME(SORT_BY_ALIGNMENT(._intc_table.static.*)))
                0x0000000008005868                _intc_table_list_end = .

symbol_to_keep  0x0000000008005868        0x0
                0x0000000008005868                __symbol_to_keep_start = .
 *(SORT_BY_NAME(SORT_BY_ALIGNMENT(.symbol_to_keep*)))
                0x0000000008005868                __symbol_to_keep_end = .

shell_area      0x0000000008005868        0x0
                0x0000000008005868                _shell_list_start = .
 *(SORT_BY_NAME(SORT_BY_ALIGNMENT(._shell.static.*)))
                0x0000000008005868                _shell_list_end = .

shell_root_cmds_area
                0x0000000008005868        0x0
                0x0000000008005868                _shell_root_cmds_list_start = .
 *(SORT_BY_NAME(SORT_BY_ALIGNMENT(._shell_root_cmds.static.*)))
                0x0000000008005868                _shell_root_cmds_list_end = .

shell_subcmds_area
                0x0000000008005868        0x0
                0x0000000008005868                _shell_subcmds_list_start = .
 *(SORT_BY_NAME(SORT_BY_ALIGNMENT(._shell_subcmds.static.*)))
                0x0000000008005868                _shell_subcmds_list_end = .

shell_dynamic_subcmds_area
                0x0000000008005868        0x0
                0x0000000008005868                _shell_dynamic_subcmds_list_start = .
 *(SORT_BY_NAME(SORT_BY_ALIGNMENT(._shell_dynamic_subcmds.static.*)))
                0x0000000008005868                _shell_dynamic_subcmds_list_end = .

cfb_font_area   0x0000000008005868        0x0
                0x0000000008005868                _cfb_font_list_start = .
 *(SORT_BY_NAME(SORT_BY_ALIGNMENT(._cfb_font.static.*)))
                0x0000000008005868                _cfb_font_list_end = .

tdata           0x0000000008005868        0x0
 *(SORT_BY_ALIGNMENT(.tdata) SORT_BY_ALIGNMENT(.tdata.*) SORT_BY_ALIGNMENT(.gnu.linkonce.td.*))

tbss            0x0000000008005868        0x4
 *(SORT_BY_ALIGNMENT(.tbss) SORT_BY_ALIGNMENT(.tbss.*) SORT_BY_ALIGNMENT(.gnu.linkonce.tb.*) SORT_BY_ALIGNMENT(.tcommon))
 .tbss.z_tls_current
                0x0000000008005868        0x4 zephyr/libzephyr.a(thread_entry.c.obj)
                0x0000000008005868                z_tls_current
                0x0000000008005868                PROVIDE (__tdata_start = LOADADDR (tdata))
                0x0000000000000001                PROVIDE (__tdata_align = ALIGNOF (tdata))
                0x0000000000000000                PROVIDE (__tdata_size = (((SIZEOF (tdata) + __tdata_align) - 0x1) & ~ ((__tdata_align - 0x1))))
                [!provide]                        PROVIDE (__tdata_end = (__tdata_start + __tdata_size))
                0x0000000000000004                PROVIDE (__tbss_align = ALIGNOF (tbss))
                [!provide]                        PROVIDE (__tbss_start = ADDR (tbss))
                0x0000000000000004                PROVIDE (__tbss_size = (((SIZEOF (tbss) + __tbss_align) - 0x1) & ~ ((__tbss_align - 0x1))))
                [!provide]                        PROVIDE (__tbss_end = (__tbss_start + __tbss_size))
                [!provide]                        PROVIDE (__tls_start = __tdata_start)
                [!provide]                        PROVIDE (__tls_end = __tbss_end)
                [!provide]                        PROVIDE (__tls_size = (__tbss_end - __tdata_start))

rodata          0x0000000008005868      0x9e0
 *(SORT_BY_ALIGNMENT(.rodata))
 .rodata        0x0000000008005868        0x8 zephyr/drivers/interrupt_controller/libdrivers__interrupt_controller.a(intc_exti_stm32.c.obj)
 *(SORT_BY_ALIGNMENT(.rodata.*))
 .rodata.CSWTCH.108
                0x0000000008005870        0xc app/libapp.a(main.cpp.obj)
 .rodata._ZTV19ZephyrStepperDriver
                0x000000000800587c       0x28 app/libapp.a(main.cpp.obj)
                0x000000000800587c                vtable for ZephyrStepperDriver
 .rodata._ZTV17UartAlarmObserver
                0x00000000080058a4       0x18 app/libapp.a(main.cpp.obj)
                0x00000000080058a4                vtable for UartAlarmObserver
 .rodata._ZTV16LedAlarmObserver
                0x00000000080058bc       0x18 app/libapp.a(main.cpp.obj)
                0x00000000080058bc                vtable for LedAlarmObserver
 .rodata._ZTV19BuzzerAlarmObserver
                0x00000000080058d4       0x18 app/libapp.a(main.cpp.obj)
                0x00000000080058d4                vtable for BuzzerAlarmObserver
 .rodata._ZZ4mainE11buzzer_spec
                0x00000000080058ec        0x8 app/libapp.a(main.cpp.obj)
 .rodata._ZZ4mainE8led_spec
                0x00000000080058f4        0x8 app/libapp.a(main.cpp.obj)
 .rodata.mem_attr_region
                0x00000000080058fc        0x0 zephyr/libzephyr.a(mem_attr.c.obj)
 .rodata.static_regions
                0x00000000080058fc        0xc zephyr/arch/arch/arm/core/mpu/libarch__arm__core__mpu.a(arm_core_mpu.c.obj)
 .rodata.mpu_config
                0x0000000008005908        0x8 zephyr/arch/arch/arm/core/mpu/libarch__arm__core__mpu.a(arm_mpu_regions.c.obj)
                0x0000000008005908                mpu_config
 .rodata.mpu_regions
                0x0000000008005910       0x18 zephyr/arch/arch/arm/core/mpu/libarch__arm__core__mpu.a(arm_mpu_regions.c.obj)
 .rodata.stm32_clock_control_api
                0x0000000008005928       0x1c zephyr/drivers/clock_control/libdrivers__clock_control.a(clock_stm32_ll_common.c.obj)
 .rodata.gpio_stm32_cfg_g
                0x0000000008005944       0x14 zephyr/drivers/gpio/libdrivers__gpio.a(gpio_stm32.c.obj)
 .rodata.gpio_stm32_cfg_f
                0x0000000008005958       0x14 zephyr/drivers/gpio/libdrivers__gpio.a(gpio_stm32.c.obj)
 .rodata.gpio_stm32_cfg_e
                0x000000000800596c       0x14 zephyr/drivers/gpio/libdrivers__gpio.a(gpio_stm32.c.obj)
 .rodata.gpio_stm32_cfg_d
                0x0000000008005980       0x14 zephyr/drivers/gpio/libdrivers__gpio.a(gpio_stm32.c.obj)
 .rodata.gpio_stm32_cfg_c
                0x0000000008005994       0x14 zephyr/drivers/gpio/libdrivers__gpio.a(gpio_stm32.c.obj)
 .rodata.gpio_stm32_cfg_b
                0x00000000080059a8       0x14 zephyr/drivers/gpio/libdrivers__gpio.a(gpio_stm32.c.obj)
 .rodata.gpio_stm32_cfg_a
                0x00000000080059bc       0x14 zephyr/drivers/gpio/libdrivers__gpio.a(gpio_stm32.c.obj)
 .rodata.gpio_stm32_driver
                0x00000000080059d0       0x24 zephyr/drivers/gpio/libdrivers__gpio.a(gpio_stm32.c.obj)
 .rodata.gpio_ports
                0x00000000080059f4       0x40 zephyr/drivers/pinctrl/libdrivers__pinctrl.a(pinctrl_stm32.c.obj)
 .rodata.pwm_stm32_config_1
                0x0000000008005a34       0x18 zephyr/drivers/pwm/libdrivers__pwm.a(pwm_stm32.c.obj)
 .rodata.__pinctrl_dev_config__device_dts_ord_129
                0x0000000008005a4c        0x8 zephyr/drivers/pwm/libdrivers__pwm.a(pwm_stm32.c.obj)
 .rodata.__pinctrl_states__device_dts_ord_129
                0x0000000008005a54        0x8 zephyr/drivers/pwm/libdrivers__pwm.a(pwm_stm32.c.obj)
 .rodata.__pinctrl_state_pins_0__device_dts_ord_129
                0x0000000008005a5c        0x8 zephyr/drivers/pwm/libdrivers__pwm.a(pwm_stm32.c.obj)
 .rodata.pwm_stm32_config_0
                0x0000000008005a64       0x18 zephyr/drivers/pwm/libdrivers__pwm.a(pwm_stm32.c.obj)
 .rodata.__pinctrl_dev_config__device_dts_ord_52
                0x0000000008005a7c        0x8 zephyr/drivers/pwm/libdrivers__pwm.a(pwm_stm32.c.obj)
 .rodata.__pinctrl_states__device_dts_ord_52
                0x0000000008005a84        0x8 zephyr/drivers/pwm/libdrivers__pwm.a(pwm_stm32.c.obj)
 .rodata.__pinctrl_state_pins_0__device_dts_ord_52
                0x0000000008005a8c        0x8 zephyr/drivers/pwm/libdrivers__pwm.a(pwm_stm32.c.obj)
 .rodata.pwm_stm32_driver_api
                0x0000000008005a94        0x8 zephyr/drivers/pwm/libdrivers__pwm.a(pwm_stm32.c.obj)
 .rodata.set_timer_compare
                0x0000000008005a9c       0x18 zephyr/drivers/pwm/libdrivers__pwm.a(pwm_stm32.c.obj)
 .rodata.ch2ll_n
                0x0000000008005ab4       0x10 zephyr/drivers/pwm/libdrivers__pwm.a(pwm_stm32.c.obj)
 .rodata.ch2ll  0x0000000008005ac4       0x18 zephyr/drivers/pwm/libdrivers__pwm.a(pwm_stm32.c.obj)
 .rodata.reset_stm32_config
                0x0000000008005adc        0x4 zephyr/drivers/reset/libdrivers__reset.a(reset_stm32.c.obj)
 .rodata.reset_stm32_driver_api
                0x0000000008005ae0       0x10 zephyr/drivers/reset/libdrivers__reset.a(reset_stm32.c.obj)
 .rodata.uart_stm32_cfg_2
                0x0000000008005af0       0x24 zephyr/drivers/serial/libdrivers__serial.a(uart_stm32.c.obj)
 .rodata.pclken_2
                0x0000000008005b14        0x8 zephyr/drivers/serial/libdrivers__serial.a(uart_stm32.c.obj)
 .rodata.__pinctrl_dev_config__device_dts_ord_85
                0x0000000008005b1c        0x8 zephyr/drivers/serial/libdrivers__serial.a(uart_stm32.c.obj)
 .rodata.__pinctrl_states__device_dts_ord_85
                0x0000000008005b24        0x8 zephyr/drivers/serial/libdrivers__serial.a(uart_stm32.c.obj)
 .rodata.__pinctrl_state_pins_0__device_dts_ord_85
                0x0000000008005b2c       0x10 zephyr/drivers/serial/libdrivers__serial.a(uart_stm32.c.obj)
 .rodata.uart_stm32_cfg_1
                0x0000000008005b3c       0x24 zephyr/drivers/serial/libdrivers__serial.a(uart_stm32.c.obj)
 .rodata.pclken_1
                0x0000000008005b60        0x8 zephyr/drivers/serial/libdrivers__serial.a(uart_stm32.c.obj)
 .rodata.__pinctrl_dev_config__device_dts_ord_77
                0x0000000008005b68        0x8 zephyr/drivers/serial/libdrivers__serial.a(uart_stm32.c.obj)
 .rodata.__pinctrl_states__device_dts_ord_77
                0x0000000008005b70        0x8 zephyr/drivers/serial/libdrivers__serial.a(uart_stm32.c.obj)
 .rodata.__pinctrl_state_pins_0__device_dts_ord_77
                0x0000000008005b78       0x10 zephyr/drivers/serial/libdrivers__serial.a(uart_stm32.c.obj)
 .rodata.uart_stm32_cfg_0
                0x0000000008005b88       0x24 zephyr/drivers/serial/libdrivers__serial.a(uart_stm32.c.obj)
 .rodata.pclken_0
                0x0000000008005bac        0x8 zephyr/drivers/serial/libdrivers__serial.a(uart_stm32.c.obj)
 .rodata.__pinctrl_dev_config__device_dts_ord_88
                0x0000000008005bb4        0x8 zephyr/drivers/serial/libdrivers__serial.a(uart_stm32.c.obj)
 .rodata.__pinctrl_states__device_dts_ord_88
                0x0000000008005bbc        0x8 zephyr/drivers/serial/libdrivers__serial.a(uart_stm32.c.obj)
 .rodata.__pinctrl_state_pins_0__device_dts_ord_88
                0x0000000008005bc4       0x10 zephyr/drivers/serial/libdrivers__serial.a(uart_stm32.c.obj)
 .rodata.uart_stm32_driver_api
                0x0000000008005bd4       0x14 zephyr/drivers/serial/libdrivers__serial.a(uart_stm32.c.obj)
 .rodata.levels.0
                0x0000000008005be8       0x18 zephyr/kernel/libkernel.a(init.c.obj)
 .rodata.LPUART_PRESCALER_TAB
                0x0000000008005c00       0x18 zephyr/drivers/serial/libdrivers__serial.a(uart_stm32.c.obj)
 .rodata._ZL10uart_rx_fnPvS_S_.str1.1
                0x0000000008005c18      0x45d app/libapp.a(main.cpp.obj)
 .rodata._ZN17UartAlarmObserver14onAlarmClearedE9AlarmType.str1.1
                0x0000000008006075       0x10 app/libapp.a(main.cpp.obj)
 .rodata._ZN17UartAlarmObserver7onAlarmE9AlarmType.str1.1
                0x0000000008006085       0x10 app/libapp.a(main.cpp.obj)
 .rodata.main.str1.1
                0x0000000008006095       0x12 app/libapp.a(main.cpp.obj)
 .rodata.str1.1
                0x00000000080060a7       0x3e app/libapp.a(main.cpp.obj)
 .rodata._ZN13CommandParser8dispatchEPKc.str1.1
                0x00000000080060e5        0xa app/libapp.a(CommandParser.cpp.obj)
                                         0x3c (size before relaxing)
 .rodata.str1.1
                0x00000000080060ef        0xf zephyr/arch/arch/arm/core/mpu/libarch__arm__core__mpu.a(arm_mpu_regions.c.obj)
 .rodata.line_range_6.0
                0x00000000080060fe        0x2 zephyr/drivers/interrupt_controller/libdrivers__interrupt_controller.a(intc_exti_stm32.c.obj)
 .rodata.line_range_5.1
                0x0000000008006100        0x2 zephyr/drivers/interrupt_controller/libdrivers__interrupt_controller.a(intc_exti_stm32.c.obj)
 .rodata.line_range_4.2
                0x0000000008006102        0x2 zephyr/drivers/interrupt_controller/libdrivers__interrupt_controller.a(intc_exti_stm32.c.obj)
 .rodata.line_range_3.3
                0x0000000008006104        0x2 zephyr/drivers/interrupt_controller/libdrivers__interrupt_controller.a(intc_exti_stm32.c.obj)
 .rodata.line_range_2.4
                0x0000000008006106        0x2 zephyr/drivers/interrupt_controller/libdrivers__interrupt_controller.a(intc_exti_stm32.c.obj)
 .rodata.line_range_1.5
                0x0000000008006108        0x2 zephyr/drivers/interrupt_controller/libdrivers__interrupt_controller.a(intc_exti_stm32.c.obj)
 .rodata.line_range_0.6
                0x000000000800610a        0x2 zephyr/drivers/interrupt_controller/libdrivers__interrupt_controller.a(intc_exti_stm32.c.obj)
 .rodata.str1.1
                0x000000000800610c       0x1e zephyr/drivers/interrupt_controller/libdrivers__interrupt_controller.a(intc_exti_stm32.c.obj)
 .rodata.str1.1
                0x000000000800612a        0xd zephyr/drivers/clock_control/libdrivers__clock_control.a(clock_stm32_ll_common.c.obj)
 .rodata.str1.1
                0x0000000008006137       0x62 zephyr/drivers/gpio/libdrivers__gpio.a(gpio_stm32.c.obj)
 .rodata.str1.1
                0x0000000008006199        0x4 zephyr/drivers/pwm/libdrivers__pwm.a(pwm_stm32.c.obj)
 .rodata.SHIFT_TAB_CCxP
                0x000000000800619d        0xa zephyr/drivers/pwm/libdrivers__pwm.a(pwm_stm32.c.obj)
 .rodata.SHIFT_TAB_OCxx
                0x00000000080061a7        0xa zephyr/drivers/pwm/libdrivers__pwm.a(pwm_stm32.c.obj)
 .rodata.OFFSET_TAB_CCMRx
                0x00000000080061b1        0xa zephyr/drivers/pwm/libdrivers__pwm.a(pwm_stm32.c.obj)
 .rodata.str1.1
                0x00000000080061bb       0x11 zephyr/drivers/reset/libdrivers__reset.a(reset_stm32.c.obj)
 .rodata.str1.1
                0x00000000080061cc       0x30 zephyr/drivers/serial/libdrivers__serial.a(uart_stm32.c.obj)
 .rodata.AHBPrescTable
                0x00000000080061fc       0x10 modules/hal_stm32/stm32cube/lib..__modules__hal__stm32__stm32cube.a(system_stm32g4xx.c.obj)
                0x00000000080061fc                AHBPrescTable
 .rodata.z_cstart.str1.1
                0x000000000800620c        0x5 zephyr/kernel/libkernel.a(init.c.obj)
 .rodata.boot_banner.str1.1
                0x0000000008006211       0x28 zephyr/kernel/libkernel.a(banner.c.obj)
 .rodata.__l_vfprintf.str1.1
                0x0000000008006239        0xf /home/krishna-inc-5836/zephyr-sdk-0.17.0/arm-zephyr-eabi/bin/../lib/gcc/../../picolibc/arm-zephyr-eabi/lib/thumb/v7e-m/nofp/libc.a(libc_tinystdio_vflprintf.c.o)
 *(SORT_BY_ALIGNMENT(.gnu.linkonce.r.*))
                0x0000000008006248                . = ALIGN (0x4)

.gcc_except_table
 *(SORT_BY_ALIGNMENT(.gcc_except_table) SORT_BY_ALIGNMENT(.gcc_except_table.*))
                0x0000000008006248                __rodata_region_end = .
                0x0000000008006260                . = ALIGN (_region_min_align)
                0x0000000008008000                . = ALIGN ((0x1 << LOG2CEIL ((__rodata_region_end - ADDR (rom_start)))))
                0x0000000008008000                __rom_region_end = ((__rom_region_start + .) - ADDR (rom_start))

/DISCARD/
 *(SORT_BY_ALIGNMENT(.got.plt))
 *(SORT_BY_ALIGNMENT(.igot.plt))
 *(SORT_BY_ALIGNMENT(.got))
 *(SORT_BY_ALIGNMENT(.igot))
                0x0000000020000000                . = 0x20000000
                0x0000000020000000                . = ALIGN (_region_min_align)
                0x0000000020000000                _image_ram_start = .

.ramfunc        0x0000000020000000        0x0 load address 0x0000000008006248
                0x0000000020000000                __ramfunc_region_start = .
                0x0000000020000000                . = ALIGN (_region_min_align)
                0x0000000020000000                . = ALIGN ((0x1 << LOG2CEIL (__ramfunc_size)))
                0x0000000020000000                __ramfunc_start = .
 *(SORT_BY_ALIGNMENT(.ramfunc))
 *(SORT_BY_ALIGNMENT(.ramfunc.*))
                0x0000000020000000                . = ALIGN (_region_min_align)
                0x0000000020000000                . = ALIGN ((0x1 << LOG2CEIL (__ramfunc_size)))
                0x0000000020000000                __ramfunc_end = .
                0x0000000000000000                __ramfunc_size = (__ramfunc_end - __ramfunc_start)
                0x0000000008006248                __ramfunc_load_start = LOADADDR (.ramfunc)

datas           0x0000000020000000       0x90 load address 0x0000000008006248
                0x0000000020000000                __data_region_start = .
                0x0000000020000000                __data_start = .
 *(SORT_BY_ALIGNMENT(.data))
 *(SORT_BY_ALIGNMENT(.data.*))
 .data._char_out
                0x0000000020000000        0x4 zephyr/libzephyr.a(printk.c.obj)
 .data.handler  0x0000000020000004        0x4 zephyr/arch/arch/arm/core/libarch__arm__core.a(nmi.c.obj)
 .data.__stdout
                0x0000000020000008       0x10 zephyr/lib/libc/picolibc/liblib__libc__picolibc.a(libc-hooks.c.obj)
 .data.z_malloc_heap_mutex
                0x0000000020000018       0x14 zephyr/lib/libc/common/liblib__libc__common.a(malloc.c.obj)
                0x0000000020000018                z_malloc_heap_mutex
 .data.pwm_stm32_data_1
                0x000000002000002c        0xc zephyr/drivers/pwm/libdrivers__pwm.a(pwm_stm32.c.obj)
 .data.pwm_stm32_data_0
                0x0000000020000038        0xc zephyr/drivers/pwm/libdrivers__pwm.a(pwm_stm32.c.obj)
 .data.uart_stm32_data_2
                0x0000000020000044        0x8 zephyr/drivers/serial/libdrivers__serial.a(uart_stm32.c.obj)
 .data.uart_cfg_2
                0x000000002000004c        0x8 zephyr/drivers/serial/libdrivers__serial.a(uart_stm32.c.obj)
 .data.uart_stm32_data_1
                0x0000000020000054        0x8 zephyr/drivers/serial/libdrivers__serial.a(uart_stm32.c.obj)
 .data.uart_cfg_1
                0x000000002000005c        0x8 zephyr/drivers/serial/libdrivers__serial.a(uart_stm32.c.obj)
 .data.uart_stm32_data_0
                0x0000000020000064        0x8 zephyr/drivers/serial/libdrivers__serial.a(uart_stm32.c.obj)
 .data.uart_cfg_0
                0x000000002000006c        0x8 zephyr/drivers/serial/libdrivers__serial.a(uart_stm32.c.obj)
 .data.SystemCoreClock
                0x0000000020000074        0x4 modules/hal_stm32/stm32cube/lib..__modules__hal__stm32__stm32cube.a(system_stm32g4xx.c.obj)
                0x0000000020000074                SystemCoreClock
 .data.timeout_list
                0x0000000020000078        0x8 zephyr/kernel/libkernel.a(timeout.c.obj)
 .data.exti_irq_table
                0x0000000020000080       0x10 zephyr/drivers/interrupt_controller/libdrivers__interrupt_controller.a(intc_exti_stm32.c.obj)
 *(SORT_BY_ALIGNMENT(.kernel.*))
                0x0000000020000090                __data_end = .
                0x0000000000000090                __data_size = (__data_end - __data_start)
                0x0000000008006248                __data_load_start = LOADADDR (datas)
                0x0000000008006248                __data_region_load_start = LOADADDR (datas)

device_states   0x0000000020000090       0x1e load address 0x00000000080062d8
                0x0000000020000090                __device_states_start = .
 *(SORT_BY_ALIGNMENT(.z_devstate))
 .z_devstate    0x0000000020000090        0x2 zephyr/drivers/interrupt_controller/libdrivers__interrupt_controller.a(intc_exti_stm32.c.obj)
 .z_devstate    0x0000000020000092        0x2 zephyr/drivers/clock_control/libdrivers__clock_control.a(clock_stm32_ll_common.c.obj)
 .z_devstate    0x0000000020000094        0xe zephyr/drivers/gpio/libdrivers__gpio.a(gpio_stm32.c.obj)
 .z_devstate    0x00000000200000a2        0x4 zephyr/drivers/pwm/libdrivers__pwm.a(pwm_stm32.c.obj)
 .z_devstate    0x00000000200000a6        0x2 zephyr/drivers/reset/libdrivers__reset.a(reset_stm32.c.obj)
 .z_devstate    0x00000000200000a8        0x6 zephyr/drivers/serial/libdrivers__serial.a(uart_stm32.c.obj)
 *(SORT_BY_ALIGNMENT(.z_devstate.*))
                0x00000000200000ae                __device_states_end = .

log_mpsc_pbuf_area
                0x00000000200000ae        0x0 load address 0x00000000080062f6
                0x00000000200000ae                _log_mpsc_pbuf_list_start = .
 *(SORT_BY_NAME(SORT_BY_ALIGNMENT(._log_mpsc_pbuf.static.*)))
                0x00000000200000ae                _log_mpsc_pbuf_list_end = .

log_msg_ptr_area
                0x00000000200000ae        0x0 load address 0x00000000080062f6
                0x00000000200000ae                _log_msg_ptr_list_start = .
 *(SORT_BY_NAME(SORT_BY_ALIGNMENT(._log_msg_ptr.static.*)))
                0x00000000200000ae                _log_msg_ptr_list_end = .

log_dynamic_area
                0x00000000200000ae        0x0 load address 0x00000000080062f6
                0x00000000200000ae                _log_dynamic_list_start = .
 *(SORT_BY_NAME(SORT_BY_ALIGNMENT(._log_dynamic.static.*)))
                0x00000000200000ae                _log_dynamic_list_end = .

k_timer_area    0x00000000200000ae        0x0 load address 0x00000000080062f6
                0x00000000200000ae                _k_timer_list_start = .
 *(SORT_BY_NAME(SORT_BY_ALIGNMENT(._k_timer.static.*)))
                0x00000000200000ae                _k_timer_list_end = .

k_mem_slab_area
                0x00000000200000ae        0x0 load address 0x00000000080062f6
                0x00000000200000ae                _k_mem_slab_list_start = .
 *(SORT_BY_NAME(SORT_BY_ALIGNMENT(._k_mem_slab.static.*)))
                0x00000000200000ae                _k_mem_slab_list_end = .

k_heap_area     0x00000000200000ae        0x0 load address 0x00000000080062f6
                0x00000000200000ae                _k_heap_list_start = .
 *(SORT_BY_NAME(SORT_BY_ALIGNMENT(._k_heap.static.*)))
                0x00000000200000ae                _k_heap_list_end = .

k_mutex_area    0x00000000200000b0       0x14 load address 0x00000000080062f8
                0x00000000200000b0                _k_mutex_list_start = .
 *(SORT_BY_NAME(SORT_BY_ALIGNMENT(._k_mutex.static.*)))
 ._k_mutex.static.psm_mutex_
                0x00000000200000b0       0x14 app/libapp.a(main.cpp.obj)
                0x00000000200000b0                psm_mutex
                0x00000000200000c4                _k_mutex_list_end = .

k_stack_area    0x00000000200000c4        0x0 load address 0x000000000800630c
                0x00000000200000c4                _k_stack_list_start = .
 *(SORT_BY_NAME(SORT_BY_ALIGNMENT(._k_stack.static.*)))
                0x00000000200000c4                _k_stack_list_end = .

k_msgq_area     0x00000000200000c4        0x0 load address 0x000000000800630c
                0x00000000200000c4                _k_msgq_list_start = .
 *(SORT_BY_NAME(SORT_BY_ALIGNMENT(._k_msgq.static.*)))
                0x00000000200000c4                _k_msgq_list_end = .

k_mbox_area     0x00000000200000c4        0x0 load address 0x000000000800630c
                0x00000000200000c4                _k_mbox_list_start = .
 *(SORT_BY_NAME(SORT_BY_ALIGNMENT(._k_mbox.static.*)))
                0x00000000200000c4                _k_mbox_list_end = .

k_pipe_area     0x00000000200000c4        0x0 load address 0x000000000800630c
                0x00000000200000c4                _k_pipe_list_start = .
 *(SORT_BY_NAME(SORT_BY_ALIGNMENT(._k_pipe.static.*)))
                0x00000000200000c4                _k_pipe_list_end = .

k_sem_area      0x00000000200000c4        0x0 load address 0x000000000800630c
                0x00000000200000c4                _k_sem_list_start = .
 *(SORT_BY_NAME(SORT_BY_ALIGNMENT(._k_sem.static.*)))
                0x00000000200000c4                _k_sem_list_end = .

k_event_area    0x00000000200000c4        0x0 load address 0x000000000800630c
                0x00000000200000c4                _k_event_list_start = .
 *(SORT_BY_NAME(SORT_BY_ALIGNMENT(._k_event.static.*)))
                0x00000000200000c4                _k_event_list_end = .

k_queue_area    0x00000000200000c4        0x0 load address 0x000000000800630c